Last login: Sun Sep  1 11:27:41 on console
frankpulidoalvarez@Franks-iMac ~ % php info
Could not open input file: info
frankpulidoalvarez@Franks-iMac ~ % php version
Could not open input file: version
frankpulidoalvarez@Franks-iMac ~ % php -v
PHP 8.3.9 (cli) (built: Jul  5 2024 01:30:03) (NTS)
Copyright (c) The PHP Group
Zend Engine v4.3.9, Copyright (c) Zend Technologies
    with Xdebug v3.3.2, Copyright (c) 2002-2024, by Derick Rethans
    with Zend OPcache v8.3.9, Copyright (c), by Zend Technologies
frankpulidoalvarez@Franks-iMac ~ % cd xdebug-3.3.2
cd: no such file or directory: xdebug-3.3.2
frankpulidoalvarez@Franks-iMac ~ % cd xdebug-3.3.2
cd: no such file or directory: xdebug-3.3.2
frankpulidoalvarez@Franks-iMac ~ % phpize
Cannot find config.m4. 
Make sure that you run '/usr/local/bin/phpize' in the top level source directory of the module

frankpulidoalvarez@Franks-iMac ~ % brew install php && brew install autoconf 
==> Auto-updating Homebrew...
Adjust how often this is run with HOMEBREW_AUTO_UPDATE_SECS or disable with
HOMEBREW_NO_AUTO_UPDATE. Hide these hints with HOMEBREW_NO_ENV_HINTS (see `man brew`).
==> Downloading https://ghcr.io/v2/homebrew/portable-ruby/portable-ruby/blobs/sha256:bd12dc53d0714e477ce2ff4beaeb6ad71a9317271a63c3cd2f5d0427cf42f5c5
######################################################################### 100.0%
==> Pouring portable-ruby-3.3.4_1.el_capitan.bottle.tar.gz
==> Auto-updated Homebrew!
Updated 2 taps (homebrew/core and homebrew/cask).
==> New Formulae
aider                      http-server-rs             passt
asm6809                    js-beautify                pcaudiolib
basedpyright               jsbeautifier               pgcopydb
boost@1.85                 kea                        progressline
clangql                    kubehound                  safety
cmrc                       kubernetes-cli@1.30        slackdump
crow                       ldb                        spidermonkey@115
dependabot                 libassuan@2                spoofdpi
dwarfs                     libgedit-gfls              sq
fast_float                 libmps                     stellar-cli
firefly                    libxpresent                tabiew
flexiblas                  mariadb@11.4               tevent
gabo                       mysql-client@8.4           tmpmail
gfxutil                    mysql@8.4                  ufbt
go@1.22                    nuspell                    usage
golangci-lint-langserver   onion-location             xroar
gql                        oxker
graphviz2drawio            packcc
==> New Casks
approf                     gauntlet                   pearcleaner
bbackupp                   kindle-create              photostickies
cables                     labplot                    retcon
cork                       localcan                   truetree
find-my-ports              meta-quest-developer-hub   winbox
font-lxgw-simxihei         microsoft-openjdk@21       xmenu
font-lxgw-simzhisong       neo-network-utility        zipic
font-satoshi               nrf-connect
font-server-mono           oxygen-xml-developer

You have 14 outdated formulae installed.

php 8.3.9 is already installed but outdated (so it will be upgraded).
==> Downloading https://ghcr.io/v2/homebrew/core/php/manifests/8.3.11
######################################################################### 100.0%
==> Fetching dependencies for php: apr, lz4, curl, freetds, freetype, libavif, libpq, readline and sqlite
==> Downloading https://ghcr.io/v2/homebrew/core/apr/manifests/1.7.5
######################################################################### 100.0%
==> Fetching apr
==> Downloading https://ghcr.io/v2/homebrew/core/apr/blobs/sha256:ee20045b0546f5
######################################################################### 100.0%
==> Downloading https://ghcr.io/v2/homebrew/core/lz4/manifests/1.10.0-1
######################################################################### 100.0%
==> Fetching lz4
==> Downloading https://ghcr.io/v2/homebrew/core/lz4/blobs/sha256:f78cc448808d04
######################################################################### 100.0%
==> Downloading https://ghcr.io/v2/homebrew/core/curl/manifests/8.9.1
######################################################################### 100.0%
==> Fetching curl
==> Downloading https://ghcr.io/v2/homebrew/core/curl/blobs/sha256:cad6d2e6ed991
######################################################################### 100.0%
==> Downloading https://ghcr.io/v2/homebrew/core/freetds/manifests/1.4.22
######################################################################### 100.0%
==> Fetching freetds
==> Downloading https://ghcr.io/v2/homebrew/core/freetds/blobs/sha256:8d6b2f8553
######################################################################### 100.0%
==> Downloading https://ghcr.io/v2/homebrew/core/freetype/manifests/2.13.3
######################################################################### 100.0%
==> Fetching freetype
==> Downloading https://ghcr.io/v2/homebrew/core/freetype/blobs/sha256:eb6099180
######################################################################### 100.0%
==> Downloading https://ghcr.io/v2/homebrew/core/libavif/manifests/1.1.1
######################################################################### 100.0%
==> Fetching libavif
==> Downloading https://ghcr.io/v2/homebrew/core/libavif/blobs/sha256:f7a3023624
######################################################################### 100.0%
==> Downloading https://ghcr.io/v2/homebrew/core/libpq/manifests/16.4
######################################################################### 100.0%
==> Fetching libpq
==> Downloading https://ghcr.io/v2/homebrew/core/libpq/blobs/sha256:ac626a8e1367
######################################################################### 100.0%
==> Downloading https://ghcr.io/v2/homebrew/core/readline/manifests/8.2.13
######################################################################### 100.0%
==> Fetching readline
==> Downloading https://ghcr.io/v2/homebrew/core/readline/blobs/sha256:5e5ae8819
######################################################################### 100.0%
==> Downloading https://ghcr.io/v2/homebrew/core/sqlite/manifests/3.46.1
######################################################################### 100.0%
==> Fetching sqlite
==> Downloading https://ghcr.io/v2/homebrew/core/sqlite/blobs/sha256:0f6e20de908
######################################################################### 100.0%
==> Fetching php
==> Downloading https://ghcr.io/v2/homebrew/core/php/blobs/sha256:2bc30ecebed98e
######################################################################### 100.0%
==> Upgrading php
  8.3.9 -> 8.3.11 
==> Installing dependencies for php: apr, lz4, curl, freetds, freetype, libavif, libpq, readline and sqlite
==> Installing php dependency: apr
==> Downloading https://ghcr.io/v2/homebrew/core/apr/manifests/1.7.5
Already downloaded: /Users/frankpulidoalvarez/Library/Caches/Homebrew/downloads/3ccc12316b52e5273d7562dbae3c2d6cb1b68b52874c8fd2ce69f4c0eafc07c0--apr-1.7.5.bottle_manifest.json
==> Pouring apr--1.7.5.monterey.bottle.tar.gz
🍺  /usr/local/Cellar/apr/1.7.5: 60 files, 1.4MB
==> Installing php dependency: lz4
==> Downloading https://ghcr.io/v2/homebrew/core/lz4/manifests/1.10.0-1
Already downloaded: /Users/frankpulidoalvarez/Library/Caches/Homebrew/downloads/8e11e90eb21a06e0f199af9d80e011e3693c77dd353b2477579d95c8471a5802--lz4-1.10.0-1.bottle_manifest.json
==> Pouring lz4--1.10.0.monterey.bottle.1.tar.gz
🍺  /usr/local/Cellar/lz4/1.10.0: 24 files, 762.3KB
==> Installing php dependency: curl
==> Downloading https://ghcr.io/v2/homebrew/core/curl/manifests/8.9.1
Already downloaded: /Users/frankpulidoalvarez/Library/Caches/Homebrew/downloads/14507b75ecfcd54b0b739a4423194f2301fba95d811cb7b3ab82f9012f27f4b4--curl-8.9.1.bottle_manifest.json
==> Pouring curl--8.9.1.monterey.bottle.tar.gz
🍺  /usr/local/Cellar/curl/8.9.1: 529 files, 4.3MB
==> Installing php dependency: freetds
==> Downloading https://ghcr.io/v2/homebrew/core/freetds/manifests/1.4.22
Already downloaded: /Users/frankpulidoalvarez/Library/Caches/Homebrew/downloads/04f7ef978f1fb11a3132963bf90d01757c5807c8223d6c062cea8b16477d4116--freetds-1.4.22.bottle_manifest.json
==> Pouring freetds--1.4.22.monterey.bottle.tar.gz
🍺  /usr/local/Cellar/freetds/1.4.22: 1,424 files, 15.8MB
==> Installing php dependency: freetype
==> Downloading https://ghcr.io/v2/homebrew/core/freetype/manifests/2.13.3
Already downloaded: /Users/frankpulidoalvarez/Library/Caches/Homebrew/downloads/4c4d14d574a7af9a5a0220cd5012c698bd87b75a3d5e39a6a6c34b4c411aab52--freetype-2.13.3.bottle_manifest.json
==> Pouring freetype--2.13.3.monterey.bottle.tar.gz
🍺  /usr/local/Cellar/freetype/2.13.3: 68 files, 2.5MB
==> Installing php dependency: libavif
==> Downloading https://ghcr.io/v2/homebrew/core/libavif/manifests/1.1.1
Already downloaded: /Users/frankpulidoalvarez/Library/Caches/Homebrew/downloads/07c52a13253ecd881a20e0ae6254c1be40d1c3f284a155863350f1187c0d8640--libavif-1.1.1.bottle_manifest.json
==> Pouring libavif--1.1.1.monterey.bottle.tar.gz
🍺  /usr/local/Cellar/libavif/1.1.1: 21 files, 616.0KB
==> Installing php dependency: libpq
==> Downloading https://ghcr.io/v2/homebrew/core/libpq/manifests/16.4
Already downloaded: /Users/frankpulidoalvarez/Library/Caches/Homebrew/downloads/15305c6812ed3b99c93fbb293e70c514240f51c7266838b2cd84a83ec0fffe7c--libpq-16.4.bottle_manifest.json
==> Pouring libpq--16.4.monterey.bottle.tar.gz
🍺  /usr/local/Cellar/libpq/16.4: 2,384 files, 29.2MB
==> Installing php dependency: readline
==> Downloading https://ghcr.io/v2/homebrew/core/readline/manifests/8.2.13
Already downloaded: /Users/frankpulidoalvarez/Library/Caches/Homebrew/downloads/aa1afa38997a2866d91c81fdda8b36d436cd4ea7a82aed07d13c83c56eb3460e--readline-8.2.13.bottle_manifest.json
==> Pouring readline--8.2.13.monterey.bottle.tar.gz
🍺  /usr/local/Cellar/readline/8.2.13: 51 files, 1.7MB
==> Installing php dependency: sqlite
==> Downloading https://ghcr.io/v2/homebrew/core/sqlite/manifests/3.46.1
Already downloaded: /Users/frankpulidoalvarez/Library/Caches/Homebrew/downloads/b34f1b968c8d3adc8763b7151754bc4f348c94372d89d1ae23cd11b643b7bdb2--sqlite-3.46.1.bottle_manifest.json
==> Pouring sqlite--3.46.1.monterey.bottle.tar.gz
🍺  /usr/local/Cellar/sqlite/3.46.1: 12 files, 4.8MB
==> Installing php
==> Pouring php--8.3.11.monterey.bottle.tar.gz
==> /usr/local/Cellar/php/8.3.11/bin/pear config-set php_ini /usr/local/etc/php/
==> /usr/local/Cellar/php/8.3.11/bin/pear config-set php_dir /usr/local/share/pe
==> /usr/local/Cellar/php/8.3.11/bin/pear config-set doc_dir /usr/local/share/pe
==> /usr/local/Cellar/php/8.3.11/bin/pear config-set ext_dir /usr/local/lib/php/
==> /usr/local/Cellar/php/8.3.11/bin/pear config-set bin_dir /usr/local/opt/php/
==> /usr/local/Cellar/php/8.3.11/bin/pear config-set data_dir /usr/local/share/p
==> /usr/local/Cellar/php/8.3.11/bin/pear config-set cfg_dir /usr/local/share/pe
==> /usr/local/Cellar/php/8.3.11/bin/pear config-set www_dir /usr/local/share/pe
==> /usr/local/Cellar/php/8.3.11/bin/pear config-set man_dir /usr/local/share/ma
==> /usr/local/Cellar/php/8.3.11/bin/pear config-set test_dir /usr/local/share/p
==> /usr/local/Cellar/php/8.3.11/bin/pear config-set php_bin /usr/local/opt/php/
==> /usr/local/Cellar/php/8.3.11/bin/pear update-channels
==> Caveats
To enable PHP in Apache add the following to httpd.conf and restart Apache:
    LoadModule php_module /usr/local/opt/php/lib/httpd/modules/libphp.so

    <FilesMatch \.php$>
        SetHandler application/x-httpd-php
    </FilesMatch>

Finally, check DirectoryIndex includes index.php
    DirectoryIndex index.php index.html

The php.ini and php-fpm.ini file can be found in:
    /usr/local/etc/php/8.3/

To start php now and restart at login:
  brew services start php
Or, if you don't want/need a background service you can just run:
  /usr/local/opt/php/sbin/php-fpm --nodaemonize
==> Summary
🍺  /usr/local/Cellar/php/8.3.11: 524 files, 87.2MB
==> Running `brew cleanup php`...
Disable this behaviour by setting HOMEBREW_NO_INSTALL_CLEANUP.
Hide these hints with HOMEBREW_NO_ENV_HINTS (see `man brew`).
Removing: /usr/local/Cellar/php/8.3.9... (524 files, 87.1MB)
Removing: /Users/frankpulidoalvarez/Library/Caches/Homebrew/php_bottle_manifest--8.3.9... (57.3KB)
Removing: /Users/frankpulidoalvarez/Library/Caches/Homebrew/php--8.3.9... (20.4MB)
==> `brew cleanup` has not been run in the last 30 days, running now...
Disable this behaviour by setting HOMEBREW_NO_INSTALL_CLEANUP.
Hide these hints with HOMEBREW_NO_ENV_HINTS (see `man brew`).
Removing: /usr/local/Cellar/apr/1.7.4... (60 files, 1.4MB)
Removing: /Users/frankpulidoalvarez/Library/Caches/Homebrew/apr_bottle_manifest--1.7.4... (9.8KB)
Removing: /Users/frankpulidoalvarez/Library/Caches/Homebrew/apr--1.7.4... (396.7KB)
Removing: /Users/frankpulidoalvarez/Library/Caches/Homebrew/autoconf_bottle_manifest--2.72... (10.5KB)
Removing: /Users/frankpulidoalvarez/Library/Caches/Homebrew/autoconf--2.72... (1MB)
Removing: /Users/frankpulidoalvarez/Library/Caches/Homebrew/c-ares--1.32.3... (259.5KB)
Removing: /usr/local/Cellar/curl/8.8.0... (527 files, 4.2MB)
Removing: /Users/frankpulidoalvarez/Library/Caches/Homebrew/curl_bottle_manifest--8.8.0... (19.1KB)
Removing: /Users/frankpulidoalvarez/Library/Caches/Homebrew/curl--8.8.0... (1.4MB)
Removing: /usr/local/Cellar/freetds/1.4.21... (1,424 files, 15.8MB)
Removing: /Users/frankpulidoalvarez/Library/Caches/Homebrew/freetds_bottle_manifest--1.4.21... (13.2KB)
Removing: /Users/frankpulidoalvarez/Library/Caches/Homebrew/freetds--1.4.21... (3.0MB)
Removing: /usr/local/Cellar/freetype/2.13.2... (68 files, 2.5MB)
Removing: /Users/frankpulidoalvarez/Library/Caches/Homebrew/freetype_bottle_manifest--2.13.2-1... (10.4KB)
Removing: /Users/frankpulidoalvarez/Library/Caches/Homebrew/freetype--2.13.2... (958.4KB)
Removing: /Users/frankpulidoalvarez/Library/Caches/Homebrew/git--2.45.2... (18.6MB)
Removing: /usr/local/Cellar/libavif/1.1.0... (21 files, 631.1KB)
Removing: /Users/frankpulidoalvarez/Library/Caches/Homebrew/libavif_bottle_manifest--1.1.0... (22.9KB)
Removing: /Users/frankpulidoalvarez/Library/Caches/Homebrew/libavif--1.1.0... (201.3KB)
Removing: /Users/frankpulidoalvarez/Library/Caches/Homebrew/libnghttp2--1.61.0... (222.8KB)
Removing: /usr/local/Cellar/libpq/16.3... (2,383 files, 29.2MB)
Removing: /Users/frankpulidoalvarez/Library/Caches/Homebrew/libpq_bottle_manifest--16.3... (13.1KB)
Removing: /Users/frankpulidoalvarez/Library/Caches/Homebrew/libpq--16.3... (6.6MB)
Removing: /Users/frankpulidoalvarez/Library/Caches/Homebrew/libtool_bottle_manifest--2.4.7-2... (9.0KB)
Removing: /Users/frankpulidoalvarez/Library/Caches/Homebrew/libtool--2.4.7... (1MB)
Removing: /Users/frankpulidoalvarez/Library/Caches/Homebrew/libvmaf_bottle_manifest--3.0.0... (7.5KB)
Removing: /Users/frankpulidoalvarez/Library/Caches/Homebrew/libvmaf--3.0.0... (1.1MB)
Removing: /usr/local/Cellar/lz4/1.9.4... (23 files, 687.7KB)
Removing: /Users/frankpulidoalvarez/Library/Caches/Homebrew/lz4_bottle_manifest--1.9.4... (9.9KB)
Removing: /Users/frankpulidoalvarez/Library/Caches/Homebrew/lz4--1.9.4... (273.3KB)
Removing: /Users/frankpulidoalvarez/Library/Caches/Homebrew/node--22.5.1... (18.5MB)
Removing: /Users/frankpulidoalvarez/Library/Caches/Homebrew/openssl@3_bottle_manifest--3.3.1... (9.2KB)
Removing: /Users/frankpulidoalvarez/Library/Caches/Homebrew/openssl@3--3.3.1... (8.8MB)
Removing: /usr/local/Cellar/readline/8.2.10... (51 files, 1.7MB)
Removing: /Users/frankpulidoalvarez/Library/Caches/Homebrew/readline_bottle_manifest--8.2.10... (8.0KB)
Removing: /Users/frankpulidoalvarez/Library/Caches/Homebrew/readline--8.2.10... (548.8KB)
Removing: /usr/local/Cellar/sqlite/3.46.0... (12 files, 4.8MB)
Removing: /Users/frankpulidoalvarez/Library/Caches/Homebrew/sqlite_bottle_manifest--3.46.0... (8.5KB)
Removing: /Users/frankpulidoalvarez/Library/Caches/Homebrew/sqlite--3.46.0... (2.3MB)
Removing: /Users/frankpulidoalvarez/Library/Logs/Homebrew/php... (12 files, 8.0KB)
Removing: /Users/frankpulidoalvarez/Library/Logs/Homebrew/fontconfig... (5.2KB)
Removing: /Users/frankpulidoalvarez/Library/Logs/Homebrew/openssl@3... (64B)
Removing: /Users/frankpulidoalvarez/Library/Logs/Homebrew/ca-certificates... (64B)
Removing: /Users/frankpulidoalvarez/Library/Logs/Homebrew/node... (64B)
Pruned 0 symbolic links and 6 directories from /usr/local
==> Caveats
==> php
To enable PHP in Apache add the following to httpd.conf and restart Apache:
    LoadModule php_module /usr/local/opt/php/lib/httpd/modules/libphp.so

    <FilesMatch \.php$>
        SetHandler application/x-httpd-php
    </FilesMatch>

Finally, check DirectoryIndex includes index.php
    DirectoryIndex index.php index.html

The php.ini and php-fpm.ini file can be found in:
    /usr/local/etc/php/8.3/

To start php now and restart at login:
  brew services start php
Or, if you don't want/need a background service you can just run:
  /usr/local/opt/php/sbin/php-fpm --nodaemonize
Warning: autoconf 2.72 is already installed and up-to-date.
To reinstall 2.72, run:
  brew reinstall autoconf
frankpulidoalvarez@Franks-iMac ~ % phpize                     
Cannot find config.m4. 
Make sure that you run '/usr/local/bin/phpize' in the top level source directory of the module

frankpulidoalvarez@Franks-iMac ~ % brew services start php
==> Tapping homebrew/services
Cloning into '/usr/local/Homebrew/Library/Taps/homebrew/homebrew-services'...
remote: Enumerating objects: 3214, done.
remote: Counting objects: 100% (676/676), done.
remote: Compressing objects: 100% (300/300), done.
remote: Total 3214 (delta 421), reused 534 (delta 370), pack-reused 2538 (from 1)
Receiving objects: 100% (3214/3214), 909.74 KiB | 5.38 MiB/s, done.
Resolving deltas: 100% (1562/1562), done.
Tapped 2 commands (49 files, 1MB).
==> Successfully started `php` (label: homebrew.mxcl.php)
frankpulidoalvarez@Franks-iMac ~ % phpize
Cannot find config.m4. 
Make sure that you run '/usr/local/bin/phpize' in the top level source directory of the module

frankpulidoalvarez@Franks-iMac ~ % php -v
PHP 8.3.11 (cli) (built: Aug 30 2024 16:34:18) (NTS)
Copyright (c) The PHP Group
Zend Engine v4.3.11, Copyright (c) Zend Technologies
    with Xdebug v3.3.2, Copyright (c) 2002-2024, by Derick Rethans
    with Zend OPcache v8.3.11, Copyright (c), by Zend Technologies
frankpulidoalvarez@Franks-iMac ~ % phpize --help
Usage: /usr/local/bin/phpize [--clean|--help|--version|-v]
frankpulidoalvarez@Franks-iMac ~ % php -v
PHP 8.3.11 (cli) (built: Aug 30 2024 16:34:18) (NTS)
Copyright (c) The PHP Group
Zend Engine v4.3.11, Copyright (c) Zend Technologies
    with Xdebug v3.3.2, Copyright (c) 2002-2024, by Derick Rethans
    with Zend OPcache v8.3.11, Copyright (c), by Zend Technologies
frankpulidoalvarez@Franks-iMac ~ % php-config --version
8.3.11
frankpulidoalvarez@Franks-iMac ~ % /Applications/XAMPP/xamppfiles/bin/phpize-8.2.4
Cannot find config.m4. 
Make sure that you run '/Applications/XAMPP/xamppfiles/bin/phpize-8.2.4' in the top level source directory of the module

frankpulidoalvarez@Franks-iMac ~ % cd xdebug-3.3.2
cd: no such file or directory: xdebug-3.3.2
frankpulidoalvarez@Franks-iMac ~ % xcode-select --install
xcode-select: error: command line tools are already installed, use "Software Update" to install updates
frankpulidoalvarez@Franks-iMac ~ % pecl install xdebug
pecl/xdebug is already installed and is the same as the released version 3.3.2
install failed
frankpulidoalvarez@Franks-iMac ~ % php -v
PHP 8.3.11 (cli) (built: Aug 30 2024 16:34:18) (NTS)
Copyright (c) The PHP Group
Zend Engine v4.3.11, Copyright (c) Zend Technologies
    with Xdebug v3.3.2, Copyright (c) 2002-2024, by Derick Rethans
    with Zend OPcache v8.3.11, Copyright (c), by Zend Technologies
frankpulidoalvarez@Franks-iMac ~ % <?php var_dump(php_ini_loaded_file(), php_ini_scanned_files());
zsh: parse error near `)'
frankpulidoalvarez@Franks-iMac ~ % <?php
var_dump(php_ini_loaded_file(), php_ini_scanned_files());
zsh: parse error near `)'
frankpulidoalvarez@Franks-iMac ~ % <?php
var_dump(php_ini_loaded_file());                         
zsh: parse error near `)'
frankpulidoalvarez@Franks-iMac ~ % php --ini
Configuration File (php.ini) Path: /usr/local/etc/php/8.3
Loaded Configuration File:         /usr/local/etc/php/8.3/php.ini
Scan for additional .ini files in: /usr/local/etc/php/8.3/conf.d
Additional .ini files parsed:      /usr/local/etc/php/8.3/conf.d/ext-opcache.ini

frankpulidoalvarez@Franks-iMac ~ % cd xdebug-3.3.2
cd: no such file or directory: xdebug-3.3.2
frankpulidoalvarez@Franks-iMac ~ % cd ~/Downloads
frankpulidoalvarez@Franks-iMac Downloads % phpize
Cannot find config.m4. 
Make sure that you run '/usr/local/bin/phpize' in the top level source directory of the module

frankpulidoalvarez@Franks-iMac Downloads % cd xdebug-3.3.2
frankpulidoalvarez@Franks-iMac xdebug-3.3.2 % cd xdebug-3.3.2
frankpulidoalvarez@Franks-iMac xdebug-3.3.2 % phpize
Configuring for:
PHP Api Version:         20230831
Zend Module Api No:      20230831
Zend Extension Api No:   420230831
frankpulidoalvarez@Franks-iMac xdebug-3.3.2 % ./configure
checking for grep that handles long lines and -e... /usr/bin/grep
checking for egrep... /usr/bin/grep -E
checking for a sed that does not truncate output... /usr/bin/sed
checking for pkg-config... no
checking for cc... cc
checking whether the C compiler works... yes
checking for C compiler default output file name... a.out
checking for suffix of executables... 
checking whether we are cross compiling... no
checking for suffix of object files... o
checking whether the compiler supports GNU C... yes
checking whether cc accepts -g... yes
checking for cc option to enable C11 features... none needed
checking how to run the C preprocessor... cc -E
checking for egrep -e... (cached) /usr/bin/grep -E
checking for icc... no
checking for suncc... no
checking for system library directory... lib
checking if compiler supports -Wl,-rpath,... yes
checking build system type... x86_64-apple-darwin21.6.0
checking host system type... x86_64-apple-darwin21.6.0
checking target system type... x86_64-apple-darwin21.6.0
checking for PHP prefix... /usr/local/Cellar/php/8.3.11
checking for PHP includes... -I/usr/local/Cellar/php/8.3.11/include/php -I/usr/local/Cellar/php/8.3.11/include/php/main -I/usr/local/Cellar/php/8.3.11/include/php/TSRM -I/usr/local/Cellar/php/8.3.11/include/php/Zend -I/usr/local/Cellar/php/8.3.11/include/php/ext -I/usr/local/Cellar/php/8.3.11/include/php/ext/date/lib
checking for PHP extension directory... /usr/local/Cellar/php/8.3.11/pecl/20230831
checking for PHP installed headers prefix... /usr/local/Cellar/php/8.3.11/include/php
checking if debug is enabled... no
checking if zts is enabled... no
checking for gawk... no
checking for nawk... no
checking for awk... awk
checking if awk is broken... no
checking whether to enable Xdebug support... yes, shared
checking whether to enable Xdebug developer build flags... no
checking whether to compress profiler files (requires zlib)... yes
checking for supported PHP version... supported (8.3.11)
checking for clock_gettime... yes
checking for clock_gettime_nsec_np... yes
checking for gettimeofday... yes
checking for stdio.h... yes
checking for stdlib.h... yes
checking for string.h... yes
checking for inttypes.h... yes
checking for stdint.h... yes
checking for strings.h... yes
checking for sys/stat.h... yes
checking for sys/types.h... yes
checking for unistd.h... yes
checking for netinet/in.h... yes
checking for poll.h... yes
checking for sys/poll.h... yes
checking for res_ninit... no
checking for __res_ninit... no
checking for res_ninit in -lresolv... no
checking for __res_ninit in -lresolv... no
checking for res_nclose... no
checking for __res_nclose... no
checking for res_nclose in -lresolv... no
checking for __res_nclose in -lresolv... no
checking for cos in -lm... yes
checking for zlib >= 1.2.9... no
checking for a sed that does not truncate output... /usr/bin/sed
checking for ld used by cc... /Library/Developer/CommandLineTools/usr/bin/ld
checking if the linker (/Library/Developer/CommandLineTools/usr/bin/ld) is GNU ld... no
checking for /Library/Developer/CommandLineTools/usr/bin/ld option to reload object files... -r
checking for BSD-compatible nm... /usr/bin/nm -B
checking whether ln -s works... yes
checking how to recognize dependent libraries... pass_all
checking for dlfcn.h... yes
checking the maximum length of command line arguments... 786432
checking command to parse /usr/bin/nm -B output from cc object... ok
checking for objdir... .libs
checking for ar... ar
checking for ranlib... ranlib
checking for strip... strip
checking for dsymutil... dsymutil
checking for nmedit... nmedit
checking for -single_module linker flag... yes
checking for -exported_symbols_list linker flag... yes
checking if cc supports -fno-rtti -fno-exceptions... yes
checking for cc option to produce PIC... -fno-common
checking if cc PIC flag -fno-common works... yes
checking if cc static flag -static works... no
checking if cc supports -c -o file.o... yes
checking whether the cc linker (/Library/Developer/CommandLineTools/usr/bin/ld) supports shared libraries... yes
checking dynamic linker characteristics... darwin21.6.0 dyld
checking how to hardcode library paths into programs... immediate
checking whether stripping libraries is possible... yes
checking if libtool supports shared libraries... yes
checking whether to build shared libraries... yes
checking whether to build static libraries... no

creating libtool
appending configuration tag "CXX" to libtool
configure: patching config.h.in
configure: creating ./config.status
config.status: creating config.h
frankpulidoalvarez@Franks-iMac xdebug-3.3.2 % make
Makefile:245: warning: overriding commands for target `test'
Makefile:136: warning: ignoring old commands for target `test'
/bin/sh /Users/frankpulidoalvarez/Downloads/xdebug-3.3.2/xdebug-3.3.2/libtool --tag=CC --mode=compile cc -I. -I/Users/frankpulidoalvarez/Downloads/xdebug-3.3.2/xdebug-3.3.2 -I/Users/frankpulidoalvarez/Downloads/xdebug-3.3.2/xdebug-3.3.2/include -I/Users/frankpulidoalvarez/Downloads/xdebug-3.3.2/xdebug-3.3.2/main -I/Users/frankpulidoalvarez/Downloads/xdebug-3.3.2/xdebug-3.3.2 -I/usr/local/Cellar/php/8.3.11/include/php -I/usr/local/Cellar/php/8.3.11/include/php/main -I/usr/local/Cellar/php/8.3.11/include/php/TSRM -I/usr/local/Cellar/php/8.3.11/include/php/Zend -I/usr/local/Cellar/php/8.3.11/include/php/ext -I/usr/local/Cellar/php/8.3.11/include/php/ext/date/lib -I/Users/frankpulidoalvarez/Downloads/xdebug-3.3.2/xdebug-3.3.2/src  -DHAVE_CONFIG_H  -g -O2 -D_GNU_SOURCE     -DZEND_COMPILE_DL_EXT=1 -c /Users/frankpulidoalvarez/Downloads/xdebug-3.3.2/xdebug-3.3.2/xdebug.c -o xdebug.lo  -MMD -MF xdebug.dep -MT xdebug.lo
mkdir .libs
 cc -I. -I/Users/frankpulidoalvarez/Downloads/xdebug-3.3.2/xdebug-3.3.2 -I/Users/frankpulidoalvarez/Downloads/xdebug-3.3.2/xdebug-3.3.2/include -I/Users/frankpulidoalvarez/Downloads/xdebug-3.3.2/xdebug-3.3.2/main -I/Users/frankpulidoalvarez/Downloads/xdebug-3.3.2/xdebug-3.3.2 -I/usr/local/Cellar/php/8.3.11/include/php -I/usr/local/Cellar/php/8.3.11/include/php/main -I/usr/local/Cellar/php/8.3.11/include/php/TSRM -I/usr/local/Cellar/php/8.3.11/include/php/Zend -I/usr/local/Cellar/php/8.3.11/include/php/ext -I/usr/local/Cellar/php/8.3.11/include/php/ext/date/lib -I/Users/frankpulidoalvarez/Downloads/xdebug-3.3.2/xdebug-3.3.2/src -DHAVE_CONFIG_H -g -O2 -D_GNU_SOURCE -DZEND_COMPILE_DL_EXT=1 -c /Users/frankpulidoalvarez/Downloads/xdebug-3.3.2/xdebug-3.3.2/xdebug.c -MMD -MF xdebug.dep -MT xdebug.lo  -fno-common -DPIC -o .libs/xdebug.o
/bin/sh /Users/frankpulidoalvarez/Downloads/xdebug-3.3.2/xdebug-3.3.2/libtool --tag=CC --mode=compile cc -I. -I/Users/frankpulidoalvarez/Downloads/xdebug-3.3.2/xdebug-3.3.2 -I/Users/frankpulidoalvarez/Downloads/xdebug-3.3.2/xdebug-3.3.2/include -I/Users/frankpulidoalvarez/Downloads/xdebug-3.3.2/xdebug-3.3.2/main -I/Users/frankpulidoalvarez/Downloads/xdebug-3.3.2/xdebug-3.3.2 -I/usr/local/Cellar/php/8.3.11/include/php -I/usr/local/Cellar/php/8.3.11/include/php/main -I/usr/local/Cellar/php/8.3.11/include/php/TSRM -I/usr/local/Cellar/php/8.3.11/include/php/Zend -I/usr/local/Cellar/php/8.3.11/include/php/ext -I/usr/local/Cellar/php/8.3.11/include/php/ext/date/lib -I/Users/frankpulidoalvarez/Downloads/xdebug-3.3.2/xdebug-3.3.2/src  -DHAVE_CONFIG_H  -g -O2 -D_GNU_SOURCE     -DZEND_COMPILE_DL_EXT=1 -c /Users/frankpulidoalvarez/Downloads/xdebug-3.3.2/xdebug-3.3.2/src/base/base.c -o src/base/base.lo  -MMD -MF src/base/base.dep -MT src/base/base.lo
mkdir src/base/.libs
 cc -I. -I/Users/frankpulidoalvarez/Downloads/xdebug-3.3.2/xdebug-3.3.2 -I/Users/frankpulidoalvarez/Downloads/xdebug-3.3.2/xdebug-3.3.2/include -I/Users/frankpulidoalvarez/Downloads/xdebug-3.3.2/xdebug-3.3.2/main -I/Users/frankpulidoalvarez/Downloads/xdebug-3.3.2/xdebug-3.3.2 -I/usr/local/Cellar/php/8.3.11/include/php -I/usr/local/Cellar/php/8.3.11/include/php/main -I/usr/local/Cellar/php/8.3.11/include/php/TSRM -I/usr/local/Cellar/php/8.3.11/include/php/Zend -I/usr/local/Cellar/php/8.3.11/include/php/ext -I/usr/local/Cellar/php/8.3.11/include/php/ext/date/lib -I/Users/frankpulidoalvarez/Downloads/xdebug-3.3.2/xdebug-3.3.2/src -DHAVE_CONFIG_H -g -O2 -D_GNU_SOURCE -DZEND_COMPILE_DL_EXT=1 -c /Users/frankpulidoalvarez/Downloads/xdebug-3.3.2/xdebug-3.3.2/src/base/base.c -MMD -MF src/base/base.dep -MT src/base/base.lo  -fno-common -DPIC -o src/base/.libs/base.o
/bin/sh /Users/frankpulidoalvarez/Downloads/xdebug-3.3.2/xdebug-3.3.2/libtool --tag=CC --mode=compile cc -I. -I/Users/frankpulidoalvarez/Downloads/xdebug-3.3.2/xdebug-3.3.2 -I/Users/frankpulidoalvarez/Downloads/xdebug-3.3.2/xdebug-3.3.2/include -I/Users/frankpulidoalvarez/Downloads/xdebug-3.3.2/xdebug-3.3.2/main -I/Users/frankpulidoalvarez/Downloads/xdebug-3.3.2/xdebug-3.3.2 -I/usr/local/Cellar/php/8.3.11/include/php -I/usr/local/Cellar/php/8.3.11/include/php/main -I/usr/local/Cellar/php/8.3.11/include/php/TSRM -I/usr/local/Cellar/php/8.3.11/include/php/Zend -I/usr/local/Cellar/php/8.3.11/include/php/ext -I/usr/local/Cellar/php/8.3.11/include/php/ext/date/lib -I/Users/frankpulidoalvarez/Downloads/xdebug-3.3.2/xdebug-3.3.2/src  -DHAVE_CONFIG_H  -g -O2 -D_GNU_SOURCE     -DZEND_COMPILE_DL_EXT=1 -c /Users/frankpulidoalvarez/Downloads/xdebug-3.3.2/xdebug-3.3.2/src/base/ctrl_socket.c -o src/base/ctrl_socket.lo  -MMD -MF src/base/ctrl_socket.dep -MT src/base/ctrl_socket.lo
 cc -I. -I/Users/frankpulidoalvarez/Downloads/xdebug-3.3.2/xdebug-3.3.2 -I/Users/frankpulidoalvarez/Downloads/xdebug-3.3.2/xdebug-3.3.2/include -I/Users/frankpulidoalvarez/Downloads/xdebug-3.3.2/xdebug-3.3.2/main -I/Users/frankpulidoalvarez/Downloads/xdebug-3.3.2/xdebug-3.3.2 -I/usr/local/Cellar/php/8.3.11/include/php -I/usr/local/Cellar/php/8.3.11/include/php/main -I/usr/local/Cellar/php/8.3.11/include/php/TSRM -I/usr/local/Cellar/php/8.3.11/include/php/Zend -I/usr/local/Cellar/php/8.3.11/include/php/ext -I/usr/local/Cellar/php/8.3.11/include/php/ext/date/lib -I/Users/frankpulidoalvarez/Downloads/xdebug-3.3.2/xdebug-3.3.2/src -DHAVE_CONFIG_H -g -O2 -D_GNU_SOURCE -DZEND_COMPILE_DL_EXT=1 -c /Users/frankpulidoalvarez/Downloads/xdebug-3.3.2/xdebug-3.3.2/src/base/ctrl_socket.c -MMD -MF src/base/ctrl_socket.dep -MT src/base/ctrl_socket.lo  -fno-common -DPIC -o src/base/.libs/ctrl_socket.o
/bin/sh /Users/frankpulidoalvarez/Downloads/xdebug-3.3.2/xdebug-3.3.2/libtool --tag=CC --mode=compile cc -I. -I/Users/frankpulidoalvarez/Downloads/xdebug-3.3.2/xdebug-3.3.2 -I/Users/frankpulidoalvarez/Downloads/xdebug-3.3.2/xdebug-3.3.2/include -I/Users/frankpulidoalvarez/Downloads/xdebug-3.3.2/xdebug-3.3.2/main -I/Users/frankpulidoalvarez/Downloads/xdebug-3.3.2/xdebug-3.3.2 -I/usr/local/Cellar/php/8.3.11/include/php -I/usr/local/Cellar/php/8.3.11/include/php/main -I/usr/local/Cellar/php/8.3.11/include/php/TSRM -I/usr/local/Cellar/php/8.3.11/include/php/Zend -I/usr/local/Cellar/php/8.3.11/include/php/ext -I/usr/local/Cellar/php/8.3.11/include/php/ext/date/lib -I/Users/frankpulidoalvarez/Downloads/xdebug-3.3.2/xdebug-3.3.2/src  -DHAVE_CONFIG_H  -g -O2 -D_GNU_SOURCE     -DZEND_COMPILE_DL_EXT=1 -c /Users/frankpulidoalvarez/Downloads/xdebug-3.3.2/xdebug-3.3.2/src/base/filter.c -o src/base/filter.lo  -MMD -MF src/base/filter.dep -MT src/base/filter.lo
 cc -I. -I/Users/frankpulidoalvarez/Downloads/xdebug-3.3.2/xdebug-3.3.2 -I/Users/frankpulidoalvarez/Downloads/xdebug-3.3.2/xdebug-3.3.2/include -I/Users/frankpulidoalvarez/Downloads/xdebug-3.3.2/xdebug-3.3.2/main -I/Users/frankpulidoalvarez/Downloads/xdebug-3.3.2/xdebug-3.3.2 -I/usr/local/Cellar/php/8.3.11/include/php -I/usr/local/Cellar/php/8.3.11/include/php/main -I/usr/local/Cellar/php/8.3.11/include/php/TSRM -I/usr/local/Cellar/php/8.3.11/include/php/Zend -I/usr/local/Cellar/php/8.3.11/include/php/ext -I/usr/local/Cellar/php/8.3.11/include/php/ext/date/lib -I/Users/frankpulidoalvarez/Downloads/xdebug-3.3.2/xdebug-3.3.2/src -DHAVE_CONFIG_H -g -O2 -D_GNU_SOURCE -DZEND_COMPILE_DL_EXT=1 -c /Users/frankpulidoalvarez/Downloads/xdebug-3.3.2/xdebug-3.3.2/src/base/filter.c -MMD -MF src/base/filter.dep -MT src/base/filter.lo  -fno-common -DPIC -o src/base/.libs/filter.o
/bin/sh /Users/frankpulidoalvarez/Downloads/xdebug-3.3.2/xdebug-3.3.2/libtool --tag=CC --mode=compile cc -I. -I/Users/frankpulidoalvarez/Downloads/xdebug-3.3.2/xdebug-3.3.2 -I/Users/frankpulidoalvarez/Downloads/xdebug-3.3.2/xdebug-3.3.2/include -I/Users/frankpulidoalvarez/Downloads/xdebug-3.3.2/xdebug-3.3.2/main -I/Users/frankpulidoalvarez/Downloads/xdebug-3.3.2/xdebug-3.3.2 -I/usr/local/Cellar/php/8.3.11/include/php -I/usr/local/Cellar/php/8.3.11/include/php/main -I/usr/local/Cellar/php/8.3.11/include/php/TSRM -I/usr/local/Cellar/php/8.3.11/include/php/Zend -I/usr/local/Cellar/php/8.3.11/include/php/ext -I/usr/local/Cellar/php/8.3.11/include/php/ext/date/lib -I/Users/frankpulidoalvarez/Downloads/xdebug-3.3.2/xdebug-3.3.2/src  -DHAVE_CONFIG_H  -g -O2 -D_GNU_SOURCE     -DZEND_COMPILE_DL_EXT=1 -c /Users/frankpulidoalvarez/Downloads/xdebug-3.3.2/xdebug-3.3.2/src/lib/usefulstuff.c -o src/lib/usefulstuff.lo  -MMD -MF src/lib/usefulstuff.dep -MT src/lib/usefulstuff.lo
mkdir src/lib/.libs
 cc -I. -I/Users/frankpulidoalvarez/Downloads/xdebug-3.3.2/xdebug-3.3.2 -I/Users/frankpulidoalvarez/Downloads/xdebug-3.3.2/xdebug-3.3.2/include -I/Users/frankpulidoalvarez/Downloads/xdebug-3.3.2/xdebug-3.3.2/main -I/Users/frankpulidoalvarez/Downloads/xdebug-3.3.2/xdebug-3.3.2 -I/usr/local/Cellar/php/8.3.11/include/php -I/usr/local/Cellar/php/8.3.11/include/php/main -I/usr/local/Cellar/php/8.3.11/include/php/TSRM -I/usr/local/Cellar/php/8.3.11/include/php/Zend -I/usr/local/Cellar/php/8.3.11/include/php/ext -I/usr/local/Cellar/php/8.3.11/include/php/ext/date/lib -I/Users/frankpulidoalvarez/Downloads/xdebug-3.3.2/xdebug-3.3.2/src -DHAVE_CONFIG_H -g -O2 -D_GNU_SOURCE -DZEND_COMPILE_DL_EXT=1 -c /Users/frankpulidoalvarez/Downloads/xdebug-3.3.2/xdebug-3.3.2/src/lib/usefulstuff.c -MMD -MF src/lib/usefulstuff.dep -MT src/lib/usefulstuff.lo  -fno-common -DPIC -o src/lib/.libs/usefulstuff.o
/bin/sh /Users/frankpulidoalvarez/Downloads/xdebug-3.3.2/xdebug-3.3.2/libtool --tag=CC --mode=compile cc -I. -I/Users/frankpulidoalvarez/Downloads/xdebug-3.3.2/xdebug-3.3.2 -I/Users/frankpulidoalvarez/Downloads/xdebug-3.3.2/xdebug-3.3.2/include -I/Users/frankpulidoalvarez/Downloads/xdebug-3.3.2/xdebug-3.3.2/main -I/Users/frankpulidoalvarez/Downloads/xdebug-3.3.2/xdebug-3.3.2 -I/usr/local/Cellar/php/8.3.11/include/php -I/usr/local/Cellar/php/8.3.11/include/php/main -I/usr/local/Cellar/php/8.3.11/include/php/TSRM -I/usr/local/Cellar/php/8.3.11/include/php/Zend -I/usr/local/Cellar/php/8.3.11/include/php/ext -I/usr/local/Cellar/php/8.3.11/include/php/ext/date/lib -I/Users/frankpulidoalvarez/Downloads/xdebug-3.3.2/xdebug-3.3.2/src  -DHAVE_CONFIG_H  -g -O2 -D_GNU_SOURCE     -DZEND_COMPILE_DL_EXT=1 -c /Users/frankpulidoalvarez/Downloads/xdebug-3.3.2/xdebug-3.3.2/src/lib/cmd_parser.c -o src/lib/cmd_parser.lo  -MMD -MF src/lib/cmd_parser.dep -MT src/lib/cmd_parser.lo
 cc -I. -I/Users/frankpulidoalvarez/Downloads/xdebug-3.3.2/xdebug-3.3.2 -I/Users/frankpulidoalvarez/Downloads/xdebug-3.3.2/xdebug-3.3.2/include -I/Users/frankpulidoalvarez/Downloads/xdebug-3.3.2/xdebug-3.3.2/main -I/Users/frankpulidoalvarez/Downloads/xdebug-3.3.2/xdebug-3.3.2 -I/usr/local/Cellar/php/8.3.11/include/php -I/usr/local/Cellar/php/8.3.11/include/php/main -I/usr/local/Cellar/php/8.3.11/include/php/TSRM -I/usr/local/Cellar/php/8.3.11/include/php/Zend -I/usr/local/Cellar/php/8.3.11/include/php/ext -I/usr/local/Cellar/php/8.3.11/include/php/ext/date/lib -I/Users/frankpulidoalvarez/Downloads/xdebug-3.3.2/xdebug-3.3.2/src -DHAVE_CONFIG_H -g -O2 -D_GNU_SOURCE -DZEND_COMPILE_DL_EXT=1 -c /Users/frankpulidoalvarez/Downloads/xdebug-3.3.2/xdebug-3.3.2/src/lib/cmd_parser.c -MMD -MF src/lib/cmd_parser.dep -MT src/lib/cmd_parser.lo  -fno-common -DPIC -o src/lib/.libs/cmd_parser.o
/bin/sh /Users/frankpulidoalvarez/Downloads/xdebug-3.3.2/xdebug-3.3.2/libtool --tag=CC --mode=compile cc -I. -I/Users/frankpulidoalvarez/Downloads/xdebug-3.3.2/xdebug-3.3.2 -I/Users/frankpulidoalvarez/Downloads/xdebug-3.3.2/xdebug-3.3.2/include -I/Users/frankpulidoalvarez/Downloads/xdebug-3.3.2/xdebug-3.3.2/main -I/Users/frankpulidoalvarez/Downloads/xdebug-3.3.2/xdebug-3.3.2 -I/usr/local/Cellar/php/8.3.11/include/php -I/usr/local/Cellar/php/8.3.11/include/php/main -I/usr/local/Cellar/php/8.3.11/include/php/TSRM -I/usr/local/Cellar/php/8.3.11/include/php/Zend -I/usr/local/Cellar/php/8.3.11/include/php/ext -I/usr/local/Cellar/php/8.3.11/include/php/ext/date/lib -I/Users/frankpulidoalvarez/Downloads/xdebug-3.3.2/xdebug-3.3.2/src  -DHAVE_CONFIG_H  -g -O2 -D_GNU_SOURCE     -DZEND_COMPILE_DL_EXT=1 -c /Users/frankpulidoalvarez/Downloads/xdebug-3.3.2/xdebug-3.3.2/src/lib/compat.c -o src/lib/compat.lo  -MMD -MF src/lib/compat.dep -MT src/lib/compat.lo
 cc -I. -I/Users/frankpulidoalvarez/Downloads/xdebug-3.3.2/xdebug-3.3.2 -I/Users/frankpulidoalvarez/Downloads/xdebug-3.3.2/xdebug-3.3.2/include -I/Users/frankpulidoalvarez/Downloads/xdebug-3.3.2/xdebug-3.3.2/main -I/Users/frankpulidoalvarez/Downloads/xdebug-3.3.2/xdebug-3.3.2 -I/usr/local/Cellar/php/8.3.11/include/php -I/usr/local/Cellar/php/8.3.11/include/php/main -I/usr/local/Cellar/php/8.3.11/include/php/TSRM -I/usr/local/Cellar/php/8.3.11/include/php/Zend -I/usr/local/Cellar/php/8.3.11/include/php/ext -I/usr/local/Cellar/php/8.3.11/include/php/ext/date/lib -I/Users/frankpulidoalvarez/Downloads/xdebug-3.3.2/xdebug-3.3.2/src -DHAVE_CONFIG_H -g -O2 -D_GNU_SOURCE -DZEND_COMPILE_DL_EXT=1 -c /Users/frankpulidoalvarez/Downloads/xdebug-3.3.2/xdebug-3.3.2/src/lib/compat.c -MMD -MF src/lib/compat.dep -MT src/lib/compat.lo  -fno-common -DPIC -o src/lib/.libs/compat.o
/bin/sh /Users/frankpulidoalvarez/Downloads/xdebug-3.3.2/xdebug-3.3.2/libtool --tag=CC --mode=compile cc -I. -I/Users/frankpulidoalvarez/Downloads/xdebug-3.3.2/xdebug-3.3.2 -I/Users/frankpulidoalvarez/Downloads/xdebug-3.3.2/xdebug-3.3.2/include -I/Users/frankpulidoalvarez/Downloads/xdebug-3.3.2/xdebug-3.3.2/main -I/Users/frankpulidoalvarez/Downloads/xdebug-3.3.2/xdebug-3.3.2 -I/usr/local/Cellar/php/8.3.11/include/php -I/usr/local/Cellar/php/8.3.11/include/php/main -I/usr/local/Cellar/php/8.3.11/include/php/TSRM -I/usr/local/Cellar/php/8.3.11/include/php/Zend -I/usr/local/Cellar/php/8.3.11/include/php/ext -I/usr/local/Cellar/php/8.3.11/include/php/ext/date/lib -I/Users/frankpulidoalvarez/Downloads/xdebug-3.3.2/xdebug-3.3.2/src  -DHAVE_CONFIG_H  -g -O2 -D_GNU_SOURCE     -DZEND_COMPILE_DL_EXT=1 -c /Users/frankpulidoalvarez/Downloads/xdebug-3.3.2/xdebug-3.3.2/src/lib/crc32.c -o src/lib/crc32.lo  -MMD -MF src/lib/crc32.dep -MT src/lib/crc32.lo
 cc -I. -I/Users/frankpulidoalvarez/Downloads/xdebug-3.3.2/xdebug-3.3.2 -I/Users/frankpulidoalvarez/Downloads/xdebug-3.3.2/xdebug-3.3.2/include -I/Users/frankpulidoalvarez/Downloads/xdebug-3.3.2/xdebug-3.3.2/main -I/Users/frankpulidoalvarez/Downloads/xdebug-3.3.2/xdebug-3.3.2 -I/usr/local/Cellar/php/8.3.11/include/php -I/usr/local/Cellar/php/8.3.11/include/php/main -I/usr/local/Cellar/php/8.3.11/include/php/TSRM -I/usr/local/Cellar/php/8.3.11/include/php/Zend -I/usr/local/Cellar/php/8.3.11/include/php/ext -I/usr/local/Cellar/php/8.3.11/include/php/ext/date/lib -I/Users/frankpulidoalvarez/Downloads/xdebug-3.3.2/xdebug-3.3.2/src -DHAVE_CONFIG_H -g -O2 -D_GNU_SOURCE -DZEND_COMPILE_DL_EXT=1 -c /Users/frankpulidoalvarez/Downloads/xdebug-3.3.2/xdebug-3.3.2/src/lib/crc32.c -MMD -MF src/lib/crc32.dep -MT src/lib/crc32.lo  -fno-common -DPIC -o src/lib/.libs/crc32.o
/bin/sh /Users/frankpulidoalvarez/Downloads/xdebug-3.3.2/xdebug-3.3.2/libtool --tag=CC --mode=compile cc -I. -I/Users/frankpulidoalvarez/Downloads/xdebug-3.3.2/xdebug-3.3.2 -I/Users/frankpulidoalvarez/Downloads/xdebug-3.3.2/xdebug-3.3.2/include -I/Users/frankpulidoalvarez/Downloads/xdebug-3.3.2/xdebug-3.3.2/main -I/Users/frankpulidoalvarez/Downloads/xdebug-3.3.2/xdebug-3.3.2 -I/usr/local/Cellar/php/8.3.11/include/php -I/usr/local/Cellar/php/8.3.11/include/php/main -I/usr/local/Cellar/php/8.3.11/include/php/TSRM -I/usr/local/Cellar/php/8.3.11/include/php/Zend -I/usr/local/Cellar/php/8.3.11/include/php/ext -I/usr/local/Cellar/php/8.3.11/include/php/ext/date/lib -I/Users/frankpulidoalvarez/Downloads/xdebug-3.3.2/xdebug-3.3.2/src  -DHAVE_CONFIG_H  -g -O2 -D_GNU_SOURCE     -DZEND_COMPILE_DL_EXT=1 -c /Users/frankpulidoalvarez/Downloads/xdebug-3.3.2/xdebug-3.3.2/src/lib/file.c -o src/lib/file.lo  -MMD -MF src/lib/file.dep -MT src/lib/file.lo
 cc -I. -I/Users/frankpulidoalvarez/Downloads/xdebug-3.3.2/xdebug-3.3.2 -I/Users/frankpulidoalvarez/Downloads/xdebug-3.3.2/xdebug-3.3.2/include -I/Users/frankpulidoalvarez/Downloads/xdebug-3.3.2/xdebug-3.3.2/main -I/Users/frankpulidoalvarez/Downloads/xdebug-3.3.2/xdebug-3.3.2 -I/usr/local/Cellar/php/8.3.11/include/php -I/usr/local/Cellar/php/8.3.11/include/php/main -I/usr/local/Cellar/php/8.3.11/include/php/TSRM -I/usr/local/Cellar/php/8.3.11/include/php/Zend -I/usr/local/Cellar/php/8.3.11/include/php/ext -I/usr/local/Cellar/php/8.3.11/include/php/ext/date/lib -I/Users/frankpulidoalvarez/Downloads/xdebug-3.3.2/xdebug-3.3.2/src -DHAVE_CONFIG_H -g -O2 -D_GNU_SOURCE -DZEND_COMPILE_DL_EXT=1 -c /Users/frankpulidoalvarez/Downloads/xdebug-3.3.2/xdebug-3.3.2/src/lib/file.c -MMD -MF src/lib/file.dep -MT src/lib/file.lo  -fno-common -DPIC -o src/lib/.libs/file.o
/bin/sh /Users/frankpulidoalvarez/Downloads/xdebug-3.3.2/xdebug-3.3.2/libtool --tag=CC --mode=compile cc -I. -I/Users/frankpulidoalvarez/Downloads/xdebug-3.3.2/xdebug-3.3.2 -I/Users/frankpulidoalvarez/Downloads/xdebug-3.3.2/xdebug-3.3.2/include -I/Users/frankpulidoalvarez/Downloads/xdebug-3.3.2/xdebug-3.3.2/main -I/Users/frankpulidoalvarez/Downloads/xdebug-3.3.2/xdebug-3.3.2 -I/usr/local/Cellar/php/8.3.11/include/php -I/usr/local/Cellar/php/8.3.11/include/php/main -I/usr/local/Cellar/php/8.3.11/include/php/TSRM -I/usr/local/Cellar/php/8.3.11/include/php/Zend -I/usr/local/Cellar/php/8.3.11/include/php/ext -I/usr/local/Cellar/php/8.3.11/include/php/ext/date/lib -I/Users/frankpulidoalvarez/Downloads/xdebug-3.3.2/xdebug-3.3.2/src  -DHAVE_CONFIG_H  -g -O2 -D_GNU_SOURCE     -DZEND_COMPILE_DL_EXT=1 -c /Users/frankpulidoalvarez/Downloads/xdebug-3.3.2/xdebug-3.3.2/src/lib/hash.c -o src/lib/hash.lo  -MMD -MF src/lib/hash.dep -MT src/lib/hash.lo
 cc -I. -I/Users/frankpulidoalvarez/Downloads/xdebug-3.3.2/xdebug-3.3.2 -I/Users/frankpulidoalvarez/Downloads/xdebug-3.3.2/xdebug-3.3.2/include -I/Users/frankpulidoalvarez/Downloads/xdebug-3.3.2/xdebug-3.3.2/main -I/Users/frankpulidoalvarez/Downloads/xdebug-3.3.2/xdebug-3.3.2 -I/usr/local/Cellar/php/8.3.11/include/php -I/usr/local/Cellar/php/8.3.11/include/php/main -I/usr/local/Cellar/php/8.3.11/include/php/TSRM -I/usr/local/Cellar/php/8.3.11/include/php/Zend -I/usr/local/Cellar/php/8.3.11/include/php/ext -I/usr/local/Cellar/php/8.3.11/include/php/ext/date/lib -I/Users/frankpulidoalvarez/Downloads/xdebug-3.3.2/xdebug-3.3.2/src -DHAVE_CONFIG_H -g -O2 -D_GNU_SOURCE -DZEND_COMPILE_DL_EXT=1 -c /Users/frankpulidoalvarez/Downloads/xdebug-3.3.2/xdebug-3.3.2/src/lib/hash.c -MMD -MF src/lib/hash.dep -MT src/lib/hash.lo  -fno-common -DPIC -o src/lib/.libs/hash.o
/bin/sh /Users/frankpulidoalvarez/Downloads/xdebug-3.3.2/xdebug-3.3.2/libtool --tag=CC --mode=compile cc -I. -I/Users/frankpulidoalvarez/Downloads/xdebug-3.3.2/xdebug-3.3.2 -I/Users/frankpulidoalvarez/Downloads/xdebug-3.3.2/xdebug-3.3.2/include -I/Users/frankpulidoalvarez/Downloads/xdebug-3.3.2/xdebug-3.3.2/main -I/Users/frankpulidoalvarez/Downloads/xdebug-3.3.2/xdebug-3.3.2 -I/usr/local/Cellar/php/8.3.11/include/php -I/usr/local/Cellar/php/8.3.11/include/php/main -I/usr/local/Cellar/php/8.3.11/include/php/TSRM -I/usr/local/Cellar/php/8.3.11/include/php/Zend -I/usr/local/Cellar/php/8.3.11/include/php/ext -I/usr/local/Cellar/php/8.3.11/include/php/ext/date/lib -I/Users/frankpulidoalvarez/Downloads/xdebug-3.3.2/xdebug-3.3.2/src  -DHAVE_CONFIG_H  -g -O2 -D_GNU_SOURCE     -DZEND_COMPILE_DL_EXT=1 -c /Users/frankpulidoalvarez/Downloads/xdebug-3.3.2/xdebug-3.3.2/src/lib/headers.c -o src/lib/headers.lo  -MMD -MF src/lib/headers.dep -MT src/lib/headers.lo
 cc -I. -I/Users/frankpulidoalvarez/Downloads/xdebug-3.3.2/xdebug-3.3.2 -I/Users/frankpulidoalvarez/Downloads/xdebug-3.3.2/xdebug-3.3.2/include -I/Users/frankpulidoalvarez/Downloads/xdebug-3.3.2/xdebug-3.3.2/main -I/Users/frankpulidoalvarez/Downloads/xdebug-3.3.2/xdebug-3.3.2 -I/usr/local/Cellar/php/8.3.11/include/php -I/usr/local/Cellar/php/8.3.11/include/php/main -I/usr/local/Cellar/php/8.3.11/include/php/TSRM -I/usr/local/Cellar/php/8.3.11/include/php/Zend -I/usr/local/Cellar/php/8.3.11/include/php/ext -I/usr/local/Cellar/php/8.3.11/include/php/ext/date/lib -I/Users/frankpulidoalvarez/Downloads/xdebug-3.3.2/xdebug-3.3.2/src -DHAVE_CONFIG_H -g -O2 -D_GNU_SOURCE -DZEND_COMPILE_DL_EXT=1 -c /Users/frankpulidoalvarez/Downloads/xdebug-3.3.2/xdebug-3.3.2/src/lib/headers.c -MMD -MF src/lib/headers.dep -MT src/lib/headers.lo  -fno-common -DPIC -o src/lib/.libs/headers.o
/bin/sh /Users/frankpulidoalvarez/Downloads/xdebug-3.3.2/xdebug-3.3.2/libtool --tag=CC --mode=compile cc -I. -I/Users/frankpulidoalvarez/Downloads/xdebug-3.3.2/xdebug-3.3.2 -I/Users/frankpulidoalvarez/Downloads/xdebug-3.3.2/xdebug-3.3.2/include -I/Users/frankpulidoalvarez/Downloads/xdebug-3.3.2/xdebug-3.3.2/main -I/Users/frankpulidoalvarez/Downloads/xdebug-3.3.2/xdebug-3.3.2 -I/usr/local/Cellar/php/8.3.11/include/php -I/usr/local/Cellar/php/8.3.11/include/php/main -I/usr/local/Cellar/php/8.3.11/include/php/TSRM -I/usr/local/Cellar/php/8.3.11/include/php/Zend -I/usr/local/Cellar/php/8.3.11/include/php/ext -I/usr/local/Cellar/php/8.3.11/include/php/ext/date/lib -I/Users/frankpulidoalvarez/Downloads/xdebug-3.3.2/xdebug-3.3.2/src  -DHAVE_CONFIG_H  -g -O2 -D_GNU_SOURCE     -DZEND_COMPILE_DL_EXT=1 -c /Users/frankpulidoalvarez/Downloads/xdebug-3.3.2/xdebug-3.3.2/src/lib/lib.c -o src/lib/lib.lo  -MMD -MF src/lib/lib.dep -MT src/lib/lib.lo
 cc -I. -I/Users/frankpulidoalvarez/Downloads/xdebug-3.3.2/xdebug-3.3.2 -I/Users/frankpulidoalvarez/Downloads/xdebug-3.3.2/xdebug-3.3.2/include -I/Users/frankpulidoalvarez/Downloads/xdebug-3.3.2/xdebug-3.3.2/main -I/Users/frankpulidoalvarez/Downloads/xdebug-3.3.2/xdebug-3.3.2 -I/usr/local/Cellar/php/8.3.11/include/php -I/usr/local/Cellar/php/8.3.11/include/php/main -I/usr/local/Cellar/php/8.3.11/include/php/TSRM -I/usr/local/Cellar/php/8.3.11/include/php/Zend -I/usr/local/Cellar/php/8.3.11/include/php/ext -I/usr/local/Cellar/php/8.3.11/include/php/ext/date/lib -I/Users/frankpulidoalvarez/Downloads/xdebug-3.3.2/xdebug-3.3.2/src -DHAVE_CONFIG_H -g -O2 -D_GNU_SOURCE -DZEND_COMPILE_DL_EXT=1 -c /Users/frankpulidoalvarez/Downloads/xdebug-3.3.2/xdebug-3.3.2/src/lib/lib.c -MMD -MF src/lib/lib.dep -MT src/lib/lib.lo  -fno-common -DPIC -o src/lib/.libs/lib.o
/bin/sh /Users/frankpulidoalvarez/Downloads/xdebug-3.3.2/xdebug-3.3.2/libtool --tag=CC --mode=compile cc -I. -I/Users/frankpulidoalvarez/Downloads/xdebug-3.3.2/xdebug-3.3.2 -I/Users/frankpulidoalvarez/Downloads/xdebug-3.3.2/xdebug-3.3.2/include -I/Users/frankpulidoalvarez/Downloads/xdebug-3.3.2/xdebug-3.3.2/main -I/Users/frankpulidoalvarez/Downloads/xdebug-3.3.2/xdebug-3.3.2 -I/usr/local/Cellar/php/8.3.11/include/php -I/usr/local/Cellar/php/8.3.11/include/php/main -I/usr/local/Cellar/php/8.3.11/include/php/TSRM -I/usr/local/Cellar/php/8.3.11/include/php/Zend -I/usr/local/Cellar/php/8.3.11/include/php/ext -I/usr/local/Cellar/php/8.3.11/include/php/ext/date/lib -I/Users/frankpulidoalvarez/Downloads/xdebug-3.3.2/xdebug-3.3.2/src  -DHAVE_CONFIG_H  -g -O2 -D_GNU_SOURCE     -DZEND_COMPILE_DL_EXT=1 -c /Users/frankpulidoalvarez/Downloads/xdebug-3.3.2/xdebug-3.3.2/src/lib/llist.c -o src/lib/llist.lo  -MMD -MF src/lib/llist.dep -MT src/lib/llist.lo
 cc -I. -I/Users/frankpulidoalvarez/Downloads/xdebug-3.3.2/xdebug-3.3.2 -I/Users/frankpulidoalvarez/Downloads/xdebug-3.3.2/xdebug-3.3.2/include -I/Users/frankpulidoalvarez/Downloads/xdebug-3.3.2/xdebug-3.3.2/main -I/Users/frankpulidoalvarez/Downloads/xdebug-3.3.2/xdebug-3.3.2 -I/usr/local/Cellar/php/8.3.11/include/php -I/usr/local/Cellar/php/8.3.11/include/php/main -I/usr/local/Cellar/php/8.3.11/include/php/TSRM -I/usr/local/Cellar/php/8.3.11/include/php/Zend -I/usr/local/Cellar/php/8.3.11/include/php/ext -I/usr/local/Cellar/php/8.3.11/include/php/ext/date/lib -I/Users/frankpulidoalvarez/Downloads/xdebug-3.3.2/xdebug-3.3.2/src -DHAVE_CONFIG_H -g -O2 -D_GNU_SOURCE -DZEND_COMPILE_DL_EXT=1 -c /Users/frankpulidoalvarez/Downloads/xdebug-3.3.2/xdebug-3.3.2/src/lib/llist.c -MMD -MF src/lib/llist.dep -MT src/lib/llist.lo  -fno-common -DPIC -o src/lib/.libs/llist.o
/bin/sh /Users/frankpulidoalvarez/Downloads/xdebug-3.3.2/xdebug-3.3.2/libtool --tag=CC --mode=compile cc -I. -I/Users/frankpulidoalvarez/Downloads/xdebug-3.3.2/xdebug-3.3.2 -I/Users/frankpulidoalvarez/Downloads/xdebug-3.3.2/xdebug-3.3.2/include -I/Users/frankpulidoalvarez/Downloads/xdebug-3.3.2/xdebug-3.3.2/main -I/Users/frankpulidoalvarez/Downloads/xdebug-3.3.2/xdebug-3.3.2 -I/usr/local/Cellar/php/8.3.11/include/php -I/usr/local/Cellar/php/8.3.11/include/php/main -I/usr/local/Cellar/php/8.3.11/include/php/TSRM -I/usr/local/Cellar/php/8.3.11/include/php/Zend -I/usr/local/Cellar/php/8.3.11/include/php/ext -I/usr/local/Cellar/php/8.3.11/include/php/ext/date/lib -I/Users/frankpulidoalvarez/Downloads/xdebug-3.3.2/xdebug-3.3.2/src  -DHAVE_CONFIG_H  -g -O2 -D_GNU_SOURCE     -DZEND_COMPILE_DL_EXT=1 -c /Users/frankpulidoalvarez/Downloads/xdebug-3.3.2/xdebug-3.3.2/src/lib/log.c -o src/lib/log.lo  -MMD -MF src/lib/log.dep -MT src/lib/log.lo
 cc -I. -I/Users/frankpulidoalvarez/Downloads/xdebug-3.3.2/xdebug-3.3.2 -I/Users/frankpulidoalvarez/Downloads/xdebug-3.3.2/xdebug-3.3.2/include -I/Users/frankpulidoalvarez/Downloads/xdebug-3.3.2/xdebug-3.3.2/main -I/Users/frankpulidoalvarez/Downloads/xdebug-3.3.2/xdebug-3.3.2 -I/usr/local/Cellar/php/8.3.11/include/php -I/usr/local/Cellar/php/8.3.11/include/php/main -I/usr/local/Cellar/php/8.3.11/include/php/TSRM -I/usr/local/Cellar/php/8.3.11/include/php/Zend -I/usr/local/Cellar/php/8.3.11/include/php/ext -I/usr/local/Cellar/php/8.3.11/include/php/ext/date/lib -I/Users/frankpulidoalvarez/Downloads/xdebug-3.3.2/xdebug-3.3.2/src -DHAVE_CONFIG_H -g -O2 -D_GNU_SOURCE -DZEND_COMPILE_DL_EXT=1 -c /Users/frankpulidoalvarez/Downloads/xdebug-3.3.2/xdebug-3.3.2/src/lib/log.c -MMD -MF src/lib/log.dep -MT src/lib/log.lo  -fno-common -DPIC -o src/lib/.libs/log.o
/Users/frankpulidoalvarez/Downloads/xdebug-3.3.2/xdebug-3.3.2/src/lib/log.c:875:3: warning: the argument to '__builtin_assume' has side effects that will be discarded [-Wassume]
                Z_PARAM_STR(group)
                ^~~~~~~~~~~~~~~~~~
/usr/local/Cellar/php/8.3.11/include/php/Zend/zend_API.h:2066:2: note: expanded from macro 'Z_PARAM_STR'
        Z_PARAM_STR_EX(dest, 0, 0)
        ^~~~~~~~~~~~~~~~~~~~~~~~~~
/usr/local/Cellar/php/8.3.11/include/php/Zend/zend_API.h:2058:3: note: expanded from macro 'Z_PARAM_STR_EX'
                Z_PARAM_PROLOGUE(deref, 0); \
                ^~~~~~~~~~~~~~~~~~~~~~~~~~
/usr/local/Cellar/php/8.3.11/include/php/Zend/zend_API.h:1646:3: note: expanded from macro 'Z_PARAM_PROLOGUE'
                SEPARATE_ZVAL_NOREF(_arg); \
                ^~~~~~~~~~~~~~~~~~~~~~~~~
note: (skipping 2 expansions in backtrace; use -fmacro-backtrace-limit=0 to see all)
/usr/local/Cellar/php/8.3.11/include/php/Zend/zend_types.h:657:25: note: expanded from macro 'Z_TYPE'
#define Z_TYPE(zval)                            zval_get_type(&(zval))
                                                ^
/usr/local/Cellar/php/8.3.11/include/php/Zend/zend_portability.h:106:37: note: expanded from macro 'ZEND_ASSERT'
# define ZEND_ASSERT(c) ZEND_ASSUME(c)
                        ~~~~~~~~~~~~^~
/usr/local/Cellar/php/8.3.11/include/php/Zend/zend_portability.h:94:42: note: expanded from macro 'ZEND_ASSUME'
# define ZEND_ASSUME(c) __builtin_assume(c)
                                         ^
1 warning generated.
/bin/sh /Users/frankpulidoalvarez/Downloads/xdebug-3.3.2/xdebug-3.3.2/libtool --tag=CC --mode=compile cc -I. -I/Users/frankpulidoalvarez/Downloads/xdebug-3.3.2/xdebug-3.3.2 -I/Users/frankpulidoalvarez/Downloads/xdebug-3.3.2/xdebug-3.3.2/include -I/Users/frankpulidoalvarez/Downloads/xdebug-3.3.2/xdebug-3.3.2/main -I/Users/frankpulidoalvarez/Downloads/xdebug-3.3.2/xdebug-3.3.2 -I/usr/local/Cellar/php/8.3.11/include/php -I/usr/local/Cellar/php/8.3.11/include/php/main -I/usr/local/Cellar/php/8.3.11/include/php/TSRM -I/usr/local/Cellar/php/8.3.11/include/php/Zend -I/usr/local/Cellar/php/8.3.11/include/php/ext -I/usr/local/Cellar/php/8.3.11/include/php/ext/date/lib -I/Users/frankpulidoalvarez/Downloads/xdebug-3.3.2/xdebug-3.3.2/src  -DHAVE_CONFIG_H  -g -O2 -D_GNU_SOURCE     -DZEND_COMPILE_DL_EXT=1 -c /Users/frankpulidoalvarez/Downloads/xdebug-3.3.2/xdebug-3.3.2/src/lib/set.c -o src/lib/set.lo  -MMD -MF src/lib/set.dep -MT src/lib/set.lo
 cc -I. -I/Users/frankpulidoalvarez/Downloads/xdebug-3.3.2/xdebug-3.3.2 -I/Users/frankpulidoalvarez/Downloads/xdebug-3.3.2/xdebug-3.3.2/include -I/Users/frankpulidoalvarez/Downloads/xdebug-3.3.2/xdebug-3.3.2/main -I/Users/frankpulidoalvarez/Downloads/xdebug-3.3.2/xdebug-3.3.2 -I/usr/local/Cellar/php/8.3.11/include/php -I/usr/local/Cellar/php/8.3.11/include/php/main -I/usr/local/Cellar/php/8.3.11/include/php/TSRM -I/usr/local/Cellar/php/8.3.11/include/php/Zend -I/usr/local/Cellar/php/8.3.11/include/php/ext -I/usr/local/Cellar/php/8.3.11/include/php/ext/date/lib -I/Users/frankpulidoalvarez/Downloads/xdebug-3.3.2/xdebug-3.3.2/src -DHAVE_CONFIG_H -g -O2 -D_GNU_SOURCE -DZEND_COMPILE_DL_EXT=1 -c /Users/frankpulidoalvarez/Downloads/xdebug-3.3.2/xdebug-3.3.2/src/lib/set.c -MMD -MF src/lib/set.dep -MT src/lib/set.lo  -fno-common -DPIC -o src/lib/.libs/set.o
/bin/sh /Users/frankpulidoalvarez/Downloads/xdebug-3.3.2/xdebug-3.3.2/libtool --tag=CC --mode=compile cc -I. -I/Users/frankpulidoalvarez/Downloads/xdebug-3.3.2/xdebug-3.3.2 -I/Users/frankpulidoalvarez/Downloads/xdebug-3.3.2/xdebug-3.3.2/include -I/Users/frankpulidoalvarez/Downloads/xdebug-3.3.2/xdebug-3.3.2/main -I/Users/frankpulidoalvarez/Downloads/xdebug-3.3.2/xdebug-3.3.2 -I/usr/local/Cellar/php/8.3.11/include/php -I/usr/local/Cellar/php/8.3.11/include/php/main -I/usr/local/Cellar/php/8.3.11/include/php/TSRM -I/usr/local/Cellar/php/8.3.11/include/php/Zend -I/usr/local/Cellar/php/8.3.11/include/php/ext -I/usr/local/Cellar/php/8.3.11/include/php/ext/date/lib -I/Users/frankpulidoalvarez/Downloads/xdebug-3.3.2/xdebug-3.3.2/src  -DHAVE_CONFIG_H  -g -O2 -D_GNU_SOURCE     -DZEND_COMPILE_DL_EXT=1 -c /Users/frankpulidoalvarez/Downloads/xdebug-3.3.2/xdebug-3.3.2/src/lib/str.c -o src/lib/str.lo  -MMD -MF src/lib/str.dep -MT src/lib/str.lo
 cc -I. -I/Users/frankpulidoalvarez/Downloads/xdebug-3.3.2/xdebug-3.3.2 -I/Users/frankpulidoalvarez/Downloads/xdebug-3.3.2/xdebug-3.3.2/include -I/Users/frankpulidoalvarez/Downloads/xdebug-3.3.2/xdebug-3.3.2/main -I/Users/frankpulidoalvarez/Downloads/xdebug-3.3.2/xdebug-3.3.2 -I/usr/local/Cellar/php/8.3.11/include/php -I/usr/local/Cellar/php/8.3.11/include/php/main -I/usr/local/Cellar/php/8.3.11/include/php/TSRM -I/usr/local/Cellar/php/8.3.11/include/php/Zend -I/usr/local/Cellar/php/8.3.11/include/php/ext -I/usr/local/Cellar/php/8.3.11/include/php/ext/date/lib -I/Users/frankpulidoalvarez/Downloads/xdebug-3.3.2/xdebug-3.3.2/src -DHAVE_CONFIG_H -g -O2 -D_GNU_SOURCE -DZEND_COMPILE_DL_EXT=1 -c /Users/frankpulidoalvarez/Downloads/xdebug-3.3.2/xdebug-3.3.2/src/lib/str.c -MMD -MF src/lib/str.dep -MT src/lib/str.lo  -fno-common -DPIC -o src/lib/.libs/str.o
/bin/sh /Users/frankpulidoalvarez/Downloads/xdebug-3.3.2/xdebug-3.3.2/libtool --tag=CC --mode=compile cc -I. -I/Users/frankpulidoalvarez/Downloads/xdebug-3.3.2/xdebug-3.3.2 -I/Users/frankpulidoalvarez/Downloads/xdebug-3.3.2/xdebug-3.3.2/include -I/Users/frankpulidoalvarez/Downloads/xdebug-3.3.2/xdebug-3.3.2/main -I/Users/frankpulidoalvarez/Downloads/xdebug-3.3.2/xdebug-3.3.2 -I/usr/local/Cellar/php/8.3.11/include/php -I/usr/local/Cellar/php/8.3.11/include/php/main -I/usr/local/Cellar/php/8.3.11/include/php/TSRM -I/usr/local/Cellar/php/8.3.11/include/php/Zend -I/usr/local/Cellar/php/8.3.11/include/php/ext -I/usr/local/Cellar/php/8.3.11/include/php/ext/date/lib -I/Users/frankpulidoalvarez/Downloads/xdebug-3.3.2/xdebug-3.3.2/src  -DHAVE_CONFIG_H  -g -O2 -D_GNU_SOURCE     -DZEND_COMPILE_DL_EXT=1 -c /Users/frankpulidoalvarez/Downloads/xdebug-3.3.2/xdebug-3.3.2/src/lib/timing.c -o src/lib/timing.lo  -MMD -MF src/lib/timing.dep -MT src/lib/timing.lo
 cc -I. -I/Users/frankpulidoalvarez/Downloads/xdebug-3.3.2/xdebug-3.3.2 -I/Users/frankpulidoalvarez/Downloads/xdebug-3.3.2/xdebug-3.3.2/include -I/Users/frankpulidoalvarez/Downloads/xdebug-3.3.2/xdebug-3.3.2/main -I/Users/frankpulidoalvarez/Downloads/xdebug-3.3.2/xdebug-3.3.2 -I/usr/local/Cellar/php/8.3.11/include/php -I/usr/local/Cellar/php/8.3.11/include/php/main -I/usr/local/Cellar/php/8.3.11/include/php/TSRM -I/usr/local/Cellar/php/8.3.11/include/php/Zend -I/usr/local/Cellar/php/8.3.11/include/php/ext -I/usr/local/Cellar/php/8.3.11/include/php/ext/date/lib -I/Users/frankpulidoalvarez/Downloads/xdebug-3.3.2/xdebug-3.3.2/src -DHAVE_CONFIG_H -g -O2 -D_GNU_SOURCE -DZEND_COMPILE_DL_EXT=1 -c /Users/frankpulidoalvarez/Downloads/xdebug-3.3.2/xdebug-3.3.2/src/lib/timing.c -MMD -MF src/lib/timing.dep -MT src/lib/timing.lo  -fno-common -DPIC -o src/lib/.libs/timing.o
/bin/sh /Users/frankpulidoalvarez/Downloads/xdebug-3.3.2/xdebug-3.3.2/libtool --tag=CC --mode=compile cc -I. -I/Users/frankpulidoalvarez/Downloads/xdebug-3.3.2/xdebug-3.3.2 -I/Users/frankpulidoalvarez/Downloads/xdebug-3.3.2/xdebug-3.3.2/include -I/Users/frankpulidoalvarez/Downloads/xdebug-3.3.2/xdebug-3.3.2/main -I/Users/frankpulidoalvarez/Downloads/xdebug-3.3.2/xdebug-3.3.2 -I/usr/local/Cellar/php/8.3.11/include/php -I/usr/local/Cellar/php/8.3.11/include/php/main -I/usr/local/Cellar/php/8.3.11/include/php/TSRM -I/usr/local/Cellar/php/8.3.11/include/php/Zend -I/usr/local/Cellar/php/8.3.11/include/php/ext -I/usr/local/Cellar/php/8.3.11/include/php/ext/date/lib -I/Users/frankpulidoalvarez/Downloads/xdebug-3.3.2/xdebug-3.3.2/src  -DHAVE_CONFIG_H  -g -O2 -D_GNU_SOURCE     -DZEND_COMPILE_DL_EXT=1 -c /Users/frankpulidoalvarez/Downloads/xdebug-3.3.2/xdebug-3.3.2/src/lib/var.c -o src/lib/var.lo  -MMD -MF src/lib/var.dep -MT src/lib/var.lo
 cc -I. -I/Users/frankpulidoalvarez/Downloads/xdebug-3.3.2/xdebug-3.3.2 -I/Users/frankpulidoalvarez/Downloads/xdebug-3.3.2/xdebug-3.3.2/include -I/Users/frankpulidoalvarez/Downloads/xdebug-3.3.2/xdebug-3.3.2/main -I/Users/frankpulidoalvarez/Downloads/xdebug-3.3.2/xdebug-3.3.2 -I/usr/local/Cellar/php/8.3.11/include/php -I/usr/local/Cellar/php/8.3.11/include/php/main -I/usr/local/Cellar/php/8.3.11/include/php/TSRM -I/usr/local/Cellar/php/8.3.11/include/php/Zend -I/usr/local/Cellar/php/8.3.11/include/php/ext -I/usr/local/Cellar/php/8.3.11/include/php/ext/date/lib -I/Users/frankpulidoalvarez/Downloads/xdebug-3.3.2/xdebug-3.3.2/src -DHAVE_CONFIG_H -g -O2 -D_GNU_SOURCE -DZEND_COMPILE_DL_EXT=1 -c /Users/frankpulidoalvarez/Downloads/xdebug-3.3.2/xdebug-3.3.2/src/lib/var.c -MMD -MF src/lib/var.dep -MT src/lib/var.lo  -fno-common -DPIC -o src/lib/.libs/var.o
/bin/sh /Users/frankpulidoalvarez/Downloads/xdebug-3.3.2/xdebug-3.3.2/libtool --tag=CC --mode=compile cc -I. -I/Users/frankpulidoalvarez/Downloads/xdebug-3.3.2/xdebug-3.3.2 -I/Users/frankpulidoalvarez/Downloads/xdebug-3.3.2/xdebug-3.3.2/include -I/Users/frankpulidoalvarez/Downloads/xdebug-3.3.2/xdebug-3.3.2/main -I/Users/frankpulidoalvarez/Downloads/xdebug-3.3.2/xdebug-3.3.2 -I/usr/local/Cellar/php/8.3.11/include/php -I/usr/local/Cellar/php/8.3.11/include/php/main -I/usr/local/Cellar/php/8.3.11/include/php/TSRM -I/usr/local/Cellar/php/8.3.11/include/php/Zend -I/usr/local/Cellar/php/8.3.11/include/php/ext -I/usr/local/Cellar/php/8.3.11/include/php/ext/date/lib -I/Users/frankpulidoalvarez/Downloads/xdebug-3.3.2/xdebug-3.3.2/src  -DHAVE_CONFIG_H  -g -O2 -D_GNU_SOURCE     -DZEND_COMPILE_DL_EXT=1 -c /Users/frankpulidoalvarez/Downloads/xdebug-3.3.2/xdebug-3.3.2/src/lib/var_export_html.c -o src/lib/var_export_html.lo  -MMD -MF src/lib/var_export_html.dep -MT src/lib/var_export_html.lo
 cc -I. -I/Users/frankpulidoalvarez/Downloads/xdebug-3.3.2/xdebug-3.3.2 -I/Users/frankpulidoalvarez/Downloads/xdebug-3.3.2/xdebug-3.3.2/include -I/Users/frankpulidoalvarez/Downloads/xdebug-3.3.2/xdebug-3.3.2/main -I/Users/frankpulidoalvarez/Downloads/xdebug-3.3.2/xdebug-3.3.2 -I/usr/local/Cellar/php/8.3.11/include/php -I/usr/local/Cellar/php/8.3.11/include/php/main -I/usr/local/Cellar/php/8.3.11/include/php/TSRM -I/usr/local/Cellar/php/8.3.11/include/php/Zend -I/usr/local/Cellar/php/8.3.11/include/php/ext -I/usr/local/Cellar/php/8.3.11/include/php/ext/date/lib -I/Users/frankpulidoalvarez/Downloads/xdebug-3.3.2/xdebug-3.3.2/src -DHAVE_CONFIG_H -g -O2 -D_GNU_SOURCE -DZEND_COMPILE_DL_EXT=1 -c /Users/frankpulidoalvarez/Downloads/xdebug-3.3.2/xdebug-3.3.2/src/lib/var_export_html.c -MMD -MF src/lib/var_export_html.dep -MT src/lib/var_export_html.lo  -fno-common -DPIC -o src/lib/.libs/var_export_html.o
/bin/sh /Users/frankpulidoalvarez/Downloads/xdebug-3.3.2/xdebug-3.3.2/libtool --tag=CC --mode=compile cc -I. -I/Users/frankpulidoalvarez/Downloads/xdebug-3.3.2/xdebug-3.3.2 -I/Users/frankpulidoalvarez/Downloads/xdebug-3.3.2/xdebug-3.3.2/include -I/Users/frankpulidoalvarez/Downloads/xdebug-3.3.2/xdebug-3.3.2/main -I/Users/frankpulidoalvarez/Downloads/xdebug-3.3.2/xdebug-3.3.2 -I/usr/local/Cellar/php/8.3.11/include/php -I/usr/local/Cellar/php/8.3.11/include/php/main -I/usr/local/Cellar/php/8.3.11/include/php/TSRM -I/usr/local/Cellar/php/8.3.11/include/php/Zend -I/usr/local/Cellar/php/8.3.11/include/php/ext -I/usr/local/Cellar/php/8.3.11/include/php/ext/date/lib -I/Users/frankpulidoalvarez/Downloads/xdebug-3.3.2/xdebug-3.3.2/src  -DHAVE_CONFIG_H  -g -O2 -D_GNU_SOURCE     -DZEND_COMPILE_DL_EXT=1 -c /Users/frankpulidoalvarez/Downloads/xdebug-3.3.2/xdebug-3.3.2/src/lib/var_export_line.c -o src/lib/var_export_line.lo  -MMD -MF src/lib/var_export_line.dep -MT src/lib/var_export_line.lo
 cc -I. -I/Users/frankpulidoalvarez/Downloads/xdebug-3.3.2/xdebug-3.3.2 -I/Users/frankpulidoalvarez/Downloads/xdebug-3.3.2/xdebug-3.3.2/include -I/Users/frankpulidoalvarez/Downloads/xdebug-3.3.2/xdebug-3.3.2/main -I/Users/frankpulidoalvarez/Downloads/xdebug-3.3.2/xdebug-3.3.2 -I/usr/local/Cellar/php/8.3.11/include/php -I/usr/local/Cellar/php/8.3.11/include/php/main -I/usr/local/Cellar/php/8.3.11/include/php/TSRM -I/usr/local/Cellar/php/8.3.11/include/php/Zend -I/usr/local/Cellar/php/8.3.11/include/php/ext -I/usr/local/Cellar/php/8.3.11/include/php/ext/date/lib -I/Users/frankpulidoalvarez/Downloads/xdebug-3.3.2/xdebug-3.3.2/src -DHAVE_CONFIG_H -g -O2 -D_GNU_SOURCE -DZEND_COMPILE_DL_EXT=1 -c /Users/frankpulidoalvarez/Downloads/xdebug-3.3.2/xdebug-3.3.2/src/lib/var_export_line.c -MMD -MF src/lib/var_export_line.dep -MT src/lib/var_export_line.lo  -fno-common -DPIC -o src/lib/.libs/var_export_line.o
/bin/sh /Users/frankpulidoalvarez/Downloads/xdebug-3.3.2/xdebug-3.3.2/libtool --tag=CC --mode=compile cc -I. -I/Users/frankpulidoalvarez/Downloads/xdebug-3.3.2/xdebug-3.3.2 -I/Users/frankpulidoalvarez/Downloads/xdebug-3.3.2/xdebug-3.3.2/include -I/Users/frankpulidoalvarez/Downloads/xdebug-3.3.2/xdebug-3.3.2/main -I/Users/frankpulidoalvarez/Downloads/xdebug-3.3.2/xdebug-3.3.2 -I/usr/local/Cellar/php/8.3.11/include/php -I/usr/local/Cellar/php/8.3.11/include/php/main -I/usr/local/Cellar/php/8.3.11/include/php/TSRM -I/usr/local/Cellar/php/8.3.11/include/php/Zend -I/usr/local/Cellar/php/8.3.11/include/php/ext -I/usr/local/Cellar/php/8.3.11/include/php/ext/date/lib -I/Users/frankpulidoalvarez/Downloads/xdebug-3.3.2/xdebug-3.3.2/src  -DHAVE_CONFIG_H  -g -O2 -D_GNU_SOURCE     -DZEND_COMPILE_DL_EXT=1 -c /Users/frankpulidoalvarez/Downloads/xdebug-3.3.2/xdebug-3.3.2/src/lib/var_export_text.c -o src/lib/var_export_text.lo  -MMD -MF src/lib/var_export_text.dep -MT src/lib/var_export_text.lo
 cc -I. -I/Users/frankpulidoalvarez/Downloads/xdebug-3.3.2/xdebug-3.3.2 -I/Users/frankpulidoalvarez/Downloads/xdebug-3.3.2/xdebug-3.3.2/include -I/Users/frankpulidoalvarez/Downloads/xdebug-3.3.2/xdebug-3.3.2/main -I/Users/frankpulidoalvarez/Downloads/xdebug-3.3.2/xdebug-3.3.2 -I/usr/local/Cellar/php/8.3.11/include/php -I/usr/local/Cellar/php/8.3.11/include/php/main -I/usr/local/Cellar/php/8.3.11/include/php/TSRM -I/usr/local/Cellar/php/8.3.11/include/php/Zend -I/usr/local/Cellar/php/8.3.11/include/php/ext -I/usr/local/Cellar/php/8.3.11/include/php/ext/date/lib -I/Users/frankpulidoalvarez/Downloads/xdebug-3.3.2/xdebug-3.3.2/src -DHAVE_CONFIG_H -g -O2 -D_GNU_SOURCE -DZEND_COMPILE_DL_EXT=1 -c /Users/frankpulidoalvarez/Downloads/xdebug-3.3.2/xdebug-3.3.2/src/lib/var_export_text.c -MMD -MF src/lib/var_export_text.dep -MT src/lib/var_export_text.lo  -fno-common -DPIC -o src/lib/.libs/var_export_text.o
/bin/sh /Users/frankpulidoalvarez/Downloads/xdebug-3.3.2/xdebug-3.3.2/libtool --tag=CC --mode=compile cc -I. -I/Users/frankpulidoalvarez/Downloads/xdebug-3.3.2/xdebug-3.3.2 -I/Users/frankpulidoalvarez/Downloads/xdebug-3.3.2/xdebug-3.3.2/include -I/Users/frankpulidoalvarez/Downloads/xdebug-3.3.2/xdebug-3.3.2/main -I/Users/frankpulidoalvarez/Downloads/xdebug-3.3.2/xdebug-3.3.2 -I/usr/local/Cellar/php/8.3.11/include/php -I/usr/local/Cellar/php/8.3.11/include/php/main -I/usr/local/Cellar/php/8.3.11/include/php/TSRM -I/usr/local/Cellar/php/8.3.11/include/php/Zend -I/usr/local/Cellar/php/8.3.11/include/php/ext -I/usr/local/Cellar/php/8.3.11/include/php/ext/date/lib -I/Users/frankpulidoalvarez/Downloads/xdebug-3.3.2/xdebug-3.3.2/src  -DHAVE_CONFIG_H  -g -O2 -D_GNU_SOURCE     -DZEND_COMPILE_DL_EXT=1 -c /Users/frankpulidoalvarez/Downloads/xdebug-3.3.2/xdebug-3.3.2/src/lib/var_export_xml.c -o src/lib/var_export_xml.lo  -MMD -MF src/lib/var_export_xml.dep -MT src/lib/var_export_xml.lo
 cc -I. -I/Users/frankpulidoalvarez/Downloads/xdebug-3.3.2/xdebug-3.3.2 -I/Users/frankpulidoalvarez/Downloads/xdebug-3.3.2/xdebug-3.3.2/include -I/Users/frankpulidoalvarez/Downloads/xdebug-3.3.2/xdebug-3.3.2/main -I/Users/frankpulidoalvarez/Downloads/xdebug-3.3.2/xdebug-3.3.2 -I/usr/local/Cellar/php/8.3.11/include/php -I/usr/local/Cellar/php/8.3.11/include/php/main -I/usr/local/Cellar/php/8.3.11/include/php/TSRM -I/usr/local/Cellar/php/8.3.11/include/php/Zend -I/usr/local/Cellar/php/8.3.11/include/php/ext -I/usr/local/Cellar/php/8.3.11/include/php/ext/date/lib -I/Users/frankpulidoalvarez/Downloads/xdebug-3.3.2/xdebug-3.3.2/src -DHAVE_CONFIG_H -g -O2 -D_GNU_SOURCE -DZEND_COMPILE_DL_EXT=1 -c /Users/frankpulidoalvarez/Downloads/xdebug-3.3.2/xdebug-3.3.2/src/lib/var_export_xml.c -MMD -MF src/lib/var_export_xml.dep -MT src/lib/var_export_xml.lo  -fno-common -DPIC -o src/lib/.libs/var_export_xml.o
/bin/sh /Users/frankpulidoalvarez/Downloads/xdebug-3.3.2/xdebug-3.3.2/libtool --tag=CC --mode=compile cc -I. -I/Users/frankpulidoalvarez/Downloads/xdebug-3.3.2/xdebug-3.3.2 -I/Users/frankpulidoalvarez/Downloads/xdebug-3.3.2/xdebug-3.3.2/include -I/Users/frankpulidoalvarez/Downloads/xdebug-3.3.2/xdebug-3.3.2/main -I/Users/frankpulidoalvarez/Downloads/xdebug-3.3.2/xdebug-3.3.2 -I/usr/local/Cellar/php/8.3.11/include/php -I/usr/local/Cellar/php/8.3.11/include/php/main -I/usr/local/Cellar/php/8.3.11/include/php/TSRM -I/usr/local/Cellar/php/8.3.11/include/php/Zend -I/usr/local/Cellar/php/8.3.11/include/php/ext -I/usr/local/Cellar/php/8.3.11/include/php/ext/date/lib -I/Users/frankpulidoalvarez/Downloads/xdebug-3.3.2/xdebug-3.3.2/src  -DHAVE_CONFIG_H  -g -O2 -D_GNU_SOURCE     -DZEND_COMPILE_DL_EXT=1 -c /Users/frankpulidoalvarez/Downloads/xdebug-3.3.2/xdebug-3.3.2/src/lib/xml.c -o src/lib/xml.lo  -MMD -MF src/lib/xml.dep -MT src/lib/xml.lo
 cc -I. -I/Users/frankpulidoalvarez/Downloads/xdebug-3.3.2/xdebug-3.3.2 -I/Users/frankpulidoalvarez/Downloads/xdebug-3.3.2/xdebug-3.3.2/include -I/Users/frankpulidoalvarez/Downloads/xdebug-3.3.2/xdebug-3.3.2/main -I/Users/frankpulidoalvarez/Downloads/xdebug-3.3.2/xdebug-3.3.2 -I/usr/local/Cellar/php/8.3.11/include/php -I/usr/local/Cellar/php/8.3.11/include/php/main -I/usr/local/Cellar/php/8.3.11/include/php/TSRM -I/usr/local/Cellar/php/8.3.11/include/php/Zend -I/usr/local/Cellar/php/8.3.11/include/php/ext -I/usr/local/Cellar/php/8.3.11/include/php/ext/date/lib -I/Users/frankpulidoalvarez/Downloads/xdebug-3.3.2/xdebug-3.3.2/src -DHAVE_CONFIG_H -g -O2 -D_GNU_SOURCE -DZEND_COMPILE_DL_EXT=1 -c /Users/frankpulidoalvarez/Downloads/xdebug-3.3.2/xdebug-3.3.2/src/lib/xml.c -MMD -MF src/lib/xml.dep -MT src/lib/xml.lo  -fno-common -DPIC -o src/lib/.libs/xml.o
/bin/sh /Users/frankpulidoalvarez/Downloads/xdebug-3.3.2/xdebug-3.3.2/libtool --tag=CC --mode=compile cc -I. -I/Users/frankpulidoalvarez/Downloads/xdebug-3.3.2/xdebug-3.3.2 -I/Users/frankpulidoalvarez/Downloads/xdebug-3.3.2/xdebug-3.3.2/include -I/Users/frankpulidoalvarez/Downloads/xdebug-3.3.2/xdebug-3.3.2/main -I/Users/frankpulidoalvarez/Downloads/xdebug-3.3.2/xdebug-3.3.2 -I/usr/local/Cellar/php/8.3.11/include/php -I/usr/local/Cellar/php/8.3.11/include/php/main -I/usr/local/Cellar/php/8.3.11/include/php/TSRM -I/usr/local/Cellar/php/8.3.11/include/php/Zend -I/usr/local/Cellar/php/8.3.11/include/php/ext -I/usr/local/Cellar/php/8.3.11/include/php/ext/date/lib -I/Users/frankpulidoalvarez/Downloads/xdebug-3.3.2/xdebug-3.3.2/src  -DHAVE_CONFIG_H  -g -O2 -D_GNU_SOURCE     -DZEND_COMPILE_DL_EXT=1 -c /Users/frankpulidoalvarez/Downloads/xdebug-3.3.2/xdebug-3.3.2/src/coverage/branch_info.c -o src/coverage/branch_info.lo  -MMD -MF src/coverage/branch_info.dep -MT src/coverage/branch_info.lo
mkdir src/coverage/.libs
 cc -I. -I/Users/frankpulidoalvarez/Downloads/xdebug-3.3.2/xdebug-3.3.2 -I/Users/frankpulidoalvarez/Downloads/xdebug-3.3.2/xdebug-3.3.2/include -I/Users/frankpulidoalvarez/Downloads/xdebug-3.3.2/xdebug-3.3.2/main -I/Users/frankpulidoalvarez/Downloads/xdebug-3.3.2/xdebug-3.3.2 -I/usr/local/Cellar/php/8.3.11/include/php -I/usr/local/Cellar/php/8.3.11/include/php/main -I/usr/local/Cellar/php/8.3.11/include/php/TSRM -I/usr/local/Cellar/php/8.3.11/include/php/Zend -I/usr/local/Cellar/php/8.3.11/include/php/ext -I/usr/local/Cellar/php/8.3.11/include/php/ext/date/lib -I/Users/frankpulidoalvarez/Downloads/xdebug-3.3.2/xdebug-3.3.2/src -DHAVE_CONFIG_H -g -O2 -D_GNU_SOURCE -DZEND_COMPILE_DL_EXT=1 -c /Users/frankpulidoalvarez/Downloads/xdebug-3.3.2/xdebug-3.3.2/src/coverage/branch_info.c -MMD -MF src/coverage/branch_info.dep -MT src/coverage/branch_info.lo  -fno-common -DPIC -o src/coverage/.libs/branch_info.o
/bin/sh /Users/frankpulidoalvarez/Downloads/xdebug-3.3.2/xdebug-3.3.2/libtool --tag=CC --mode=compile cc -I. -I/Users/frankpulidoalvarez/Downloads/xdebug-3.3.2/xdebug-3.3.2 -I/Users/frankpulidoalvarez/Downloads/xdebug-3.3.2/xdebug-3.3.2/include -I/Users/frankpulidoalvarez/Downloads/xdebug-3.3.2/xdebug-3.3.2/main -I/Users/frankpulidoalvarez/Downloads/xdebug-3.3.2/xdebug-3.3.2 -I/usr/local/Cellar/php/8.3.11/include/php -I/usr/local/Cellar/php/8.3.11/include/php/main -I/usr/local/Cellar/php/8.3.11/include/php/TSRM -I/usr/local/Cellar/php/8.3.11/include/php/Zend -I/usr/local/Cellar/php/8.3.11/include/php/ext -I/usr/local/Cellar/php/8.3.11/include/php/ext/date/lib -I/Users/frankpulidoalvarez/Downloads/xdebug-3.3.2/xdebug-3.3.2/src  -DHAVE_CONFIG_H  -g -O2 -D_GNU_SOURCE     -DZEND_COMPILE_DL_EXT=1 -c /Users/frankpulidoalvarez/Downloads/xdebug-3.3.2/xdebug-3.3.2/src/coverage/code_coverage.c -o src/coverage/code_coverage.lo  -MMD -MF src/coverage/code_coverage.dep -MT src/coverage/code_coverage.lo
 cc -I. -I/Users/frankpulidoalvarez/Downloads/xdebug-3.3.2/xdebug-3.3.2 -I/Users/frankpulidoalvarez/Downloads/xdebug-3.3.2/xdebug-3.3.2/include -I/Users/frankpulidoalvarez/Downloads/xdebug-3.3.2/xdebug-3.3.2/main -I/Users/frankpulidoalvarez/Downloads/xdebug-3.3.2/xdebug-3.3.2 -I/usr/local/Cellar/php/8.3.11/include/php -I/usr/local/Cellar/php/8.3.11/include/php/main -I/usr/local/Cellar/php/8.3.11/include/php/TSRM -I/usr/local/Cellar/php/8.3.11/include/php/Zend -I/usr/local/Cellar/php/8.3.11/include/php/ext -I/usr/local/Cellar/php/8.3.11/include/php/ext/date/lib -I/Users/frankpulidoalvarez/Downloads/xdebug-3.3.2/xdebug-3.3.2/src -DHAVE_CONFIG_H -g -O2 -D_GNU_SOURCE -DZEND_COMPILE_DL_EXT=1 -c /Users/frankpulidoalvarez/Downloads/xdebug-3.3.2/xdebug-3.3.2/src/coverage/code_coverage.c -MMD -MF src/coverage/code_coverage.dep -MT src/coverage/code_coverage.lo  -fno-common -DPIC -o src/coverage/.libs/code_coverage.o
/bin/sh /Users/frankpulidoalvarez/Downloads/xdebug-3.3.2/xdebug-3.3.2/libtool --tag=CC --mode=compile cc -I. -I/Users/frankpulidoalvarez/Downloads/xdebug-3.3.2/xdebug-3.3.2 -I/Users/frankpulidoalvarez/Downloads/xdebug-3.3.2/xdebug-3.3.2/include -I/Users/frankpulidoalvarez/Downloads/xdebug-3.3.2/xdebug-3.3.2/main -I/Users/frankpulidoalvarez/Downloads/xdebug-3.3.2/xdebug-3.3.2 -I/usr/local/Cellar/php/8.3.11/include/php -I/usr/local/Cellar/php/8.3.11/include/php/main -I/usr/local/Cellar/php/8.3.11/include/php/TSRM -I/usr/local/Cellar/php/8.3.11/include/php/Zend -I/usr/local/Cellar/php/8.3.11/include/php/ext -I/usr/local/Cellar/php/8.3.11/include/php/ext/date/lib -I/Users/frankpulidoalvarez/Downloads/xdebug-3.3.2/xdebug-3.3.2/src  -DHAVE_CONFIG_H  -g -O2 -D_GNU_SOURCE     -DZEND_COMPILE_DL_EXT=1 -c /Users/frankpulidoalvarez/Downloads/xdebug-3.3.2/xdebug-3.3.2/src/debugger/com.c -o src/debugger/com.lo  -MMD -MF src/debugger/com.dep -MT src/debugger/com.lo
mkdir src/debugger/.libs
 cc -I. -I/Users/frankpulidoalvarez/Downloads/xdebug-3.3.2/xdebug-3.3.2 -I/Users/frankpulidoalvarez/Downloads/xdebug-3.3.2/xdebug-3.3.2/include -I/Users/frankpulidoalvarez/Downloads/xdebug-3.3.2/xdebug-3.3.2/main -I/Users/frankpulidoalvarez/Downloads/xdebug-3.3.2/xdebug-3.3.2 -I/usr/local/Cellar/php/8.3.11/include/php -I/usr/local/Cellar/php/8.3.11/include/php/main -I/usr/local/Cellar/php/8.3.11/include/php/TSRM -I/usr/local/Cellar/php/8.3.11/include/php/Zend -I/usr/local/Cellar/php/8.3.11/include/php/ext -I/usr/local/Cellar/php/8.3.11/include/php/ext/date/lib -I/Users/frankpulidoalvarez/Downloads/xdebug-3.3.2/xdebug-3.3.2/src -DHAVE_CONFIG_H -g -O2 -D_GNU_SOURCE -DZEND_COMPILE_DL_EXT=1 -c /Users/frankpulidoalvarez/Downloads/xdebug-3.3.2/xdebug-3.3.2/src/debugger/com.c -MMD -MF src/debugger/com.dep -MT src/debugger/com.lo  -fno-common -DPIC -o src/debugger/.libs/com.o
/bin/sh /Users/frankpulidoalvarez/Downloads/xdebug-3.3.2/xdebug-3.3.2/libtool --tag=CC --mode=compile cc -I. -I/Users/frankpulidoalvarez/Downloads/xdebug-3.3.2/xdebug-3.3.2 -I/Users/frankpulidoalvarez/Downloads/xdebug-3.3.2/xdebug-3.3.2/include -I/Users/frankpulidoalvarez/Downloads/xdebug-3.3.2/xdebug-3.3.2/main -I/Users/frankpulidoalvarez/Downloads/xdebug-3.3.2/xdebug-3.3.2 -I/usr/local/Cellar/php/8.3.11/include/php -I/usr/local/Cellar/php/8.3.11/include/php/main -I/usr/local/Cellar/php/8.3.11/include/php/TSRM -I/usr/local/Cellar/php/8.3.11/include/php/Zend -I/usr/local/Cellar/php/8.3.11/include/php/ext -I/usr/local/Cellar/php/8.3.11/include/php/ext/date/lib -I/Users/frankpulidoalvarez/Downloads/xdebug-3.3.2/xdebug-3.3.2/src  -DHAVE_CONFIG_H  -g -O2 -D_GNU_SOURCE     -DZEND_COMPILE_DL_EXT=1 -c /Users/frankpulidoalvarez/Downloads/xdebug-3.3.2/xdebug-3.3.2/src/debugger/debugger.c -o src/debugger/debugger.lo  -MMD -MF src/debugger/debugger.dep -MT src/debugger/debugger.lo
 cc -I. -I/Users/frankpulidoalvarez/Downloads/xdebug-3.3.2/xdebug-3.3.2 -I/Users/frankpulidoalvarez/Downloads/xdebug-3.3.2/xdebug-3.3.2/include -I/Users/frankpulidoalvarez/Downloads/xdebug-3.3.2/xdebug-3.3.2/main -I/Users/frankpulidoalvarez/Downloads/xdebug-3.3.2/xdebug-3.3.2 -I/usr/local/Cellar/php/8.3.11/include/php -I/usr/local/Cellar/php/8.3.11/include/php/main -I/usr/local/Cellar/php/8.3.11/include/php/TSRM -I/usr/local/Cellar/php/8.3.11/include/php/Zend -I/usr/local/Cellar/php/8.3.11/include/php/ext -I/usr/local/Cellar/php/8.3.11/include/php/ext/date/lib -I/Users/frankpulidoalvarez/Downloads/xdebug-3.3.2/xdebug-3.3.2/src -DHAVE_CONFIG_H -g -O2 -D_GNU_SOURCE -DZEND_COMPILE_DL_EXT=1 -c /Users/frankpulidoalvarez/Downloads/xdebug-3.3.2/xdebug-3.3.2/src/debugger/debugger.c -MMD -MF src/debugger/debugger.dep -MT src/debugger/debugger.lo  -fno-common -DPIC -o src/debugger/.libs/debugger.o
/bin/sh /Users/frankpulidoalvarez/Downloads/xdebug-3.3.2/xdebug-3.3.2/libtool --tag=CC --mode=compile cc -I. -I/Users/frankpulidoalvarez/Downloads/xdebug-3.3.2/xdebug-3.3.2 -I/Users/frankpulidoalvarez/Downloads/xdebug-3.3.2/xdebug-3.3.2/include -I/Users/frankpulidoalvarez/Downloads/xdebug-3.3.2/xdebug-3.3.2/main -I/Users/frankpulidoalvarez/Downloads/xdebug-3.3.2/xdebug-3.3.2 -I/usr/local/Cellar/php/8.3.11/include/php -I/usr/local/Cellar/php/8.3.11/include/php/main -I/usr/local/Cellar/php/8.3.11/include/php/TSRM -I/usr/local/Cellar/php/8.3.11/include/php/Zend -I/usr/local/Cellar/php/8.3.11/include/php/ext -I/usr/local/Cellar/php/8.3.11/include/php/ext/date/lib -I/Users/frankpulidoalvarez/Downloads/xdebug-3.3.2/xdebug-3.3.2/src  -DHAVE_CONFIG_H  -g -O2 -D_GNU_SOURCE     -DZEND_COMPILE_DL_EXT=1 -c /Users/frankpulidoalvarez/Downloads/xdebug-3.3.2/xdebug-3.3.2/src/debugger/handler_dbgp.c -o src/debugger/handler_dbgp.lo  -MMD -MF src/debugger/handler_dbgp.dep -MT src/debugger/handler_dbgp.lo
 cc -I. -I/Users/frankpulidoalvarez/Downloads/xdebug-3.3.2/xdebug-3.3.2 -I/Users/frankpulidoalvarez/Downloads/xdebug-3.3.2/xdebug-3.3.2/include -I/Users/frankpulidoalvarez/Downloads/xdebug-3.3.2/xdebug-3.3.2/main -I/Users/frankpulidoalvarez/Downloads/xdebug-3.3.2/xdebug-3.3.2 -I/usr/local/Cellar/php/8.3.11/include/php -I/usr/local/Cellar/php/8.3.11/include/php/main -I/usr/local/Cellar/php/8.3.11/include/php/TSRM -I/usr/local/Cellar/php/8.3.11/include/php/Zend -I/usr/local/Cellar/php/8.3.11/include/php/ext -I/usr/local/Cellar/php/8.3.11/include/php/ext/date/lib -I/Users/frankpulidoalvarez/Downloads/xdebug-3.3.2/xdebug-3.3.2/src -DHAVE_CONFIG_H -g -O2 -D_GNU_SOURCE -DZEND_COMPILE_DL_EXT=1 -c /Users/frankpulidoalvarez/Downloads/xdebug-3.3.2/xdebug-3.3.2/src/debugger/handler_dbgp.c -MMD -MF src/debugger/handler_dbgp.dep -MT src/debugger/handler_dbgp.lo  -fno-common -DPIC -o src/debugger/.libs/handler_dbgp.o
/bin/sh /Users/frankpulidoalvarez/Downloads/xdebug-3.3.2/xdebug-3.3.2/libtool --tag=CC --mode=compile cc -I. -I/Users/frankpulidoalvarez/Downloads/xdebug-3.3.2/xdebug-3.3.2 -I/Users/frankpulidoalvarez/Downloads/xdebug-3.3.2/xdebug-3.3.2/include -I/Users/frankpulidoalvarez/Downloads/xdebug-3.3.2/xdebug-3.3.2/main -I/Users/frankpulidoalvarez/Downloads/xdebug-3.3.2/xdebug-3.3.2 -I/usr/local/Cellar/php/8.3.11/include/php -I/usr/local/Cellar/php/8.3.11/include/php/main -I/usr/local/Cellar/php/8.3.11/include/php/TSRM -I/usr/local/Cellar/php/8.3.11/include/php/Zend -I/usr/local/Cellar/php/8.3.11/include/php/ext -I/usr/local/Cellar/php/8.3.11/include/php/ext/date/lib -I/Users/frankpulidoalvarez/Downloads/xdebug-3.3.2/xdebug-3.3.2/src  -DHAVE_CONFIG_H  -g -O2 -D_GNU_SOURCE     -DZEND_COMPILE_DL_EXT=1 -c /Users/frankpulidoalvarez/Downloads/xdebug-3.3.2/xdebug-3.3.2/src/debugger/handlers.c -o src/debugger/handlers.lo  -MMD -MF src/debugger/handlers.dep -MT src/debugger/handlers.lo
 cc -I. -I/Users/frankpulidoalvarez/Downloads/xdebug-3.3.2/xdebug-3.3.2 -I/Users/frankpulidoalvarez/Downloads/xdebug-3.3.2/xdebug-3.3.2/include -I/Users/frankpulidoalvarez/Downloads/xdebug-3.3.2/xdebug-3.3.2/main -I/Users/frankpulidoalvarez/Downloads/xdebug-3.3.2/xdebug-3.3.2 -I/usr/local/Cellar/php/8.3.11/include/php -I/usr/local/Cellar/php/8.3.11/include/php/main -I/usr/local/Cellar/php/8.3.11/include/php/TSRM -I/usr/local/Cellar/php/8.3.11/include/php/Zend -I/usr/local/Cellar/php/8.3.11/include/php/ext -I/usr/local/Cellar/php/8.3.11/include/php/ext/date/lib -I/Users/frankpulidoalvarez/Downloads/xdebug-3.3.2/xdebug-3.3.2/src -DHAVE_CONFIG_H -g -O2 -D_GNU_SOURCE -DZEND_COMPILE_DL_EXT=1 -c /Users/frankpulidoalvarez/Downloads/xdebug-3.3.2/xdebug-3.3.2/src/debugger/handlers.c -MMD -MF src/debugger/handlers.dep -MT src/debugger/handlers.lo  -fno-common -DPIC -o src/debugger/.libs/handlers.o
/bin/sh /Users/frankpulidoalvarez/Downloads/xdebug-3.3.2/xdebug-3.3.2/libtool --tag=CC --mode=compile cc -I. -I/Users/frankpulidoalvarez/Downloads/xdebug-3.3.2/xdebug-3.3.2 -I/Users/frankpulidoalvarez/Downloads/xdebug-3.3.2/xdebug-3.3.2/include -I/Users/frankpulidoalvarez/Downloads/xdebug-3.3.2/xdebug-3.3.2/main -I/Users/frankpulidoalvarez/Downloads/xdebug-3.3.2/xdebug-3.3.2 -I/usr/local/Cellar/php/8.3.11/include/php -I/usr/local/Cellar/php/8.3.11/include/php/main -I/usr/local/Cellar/php/8.3.11/include/php/TSRM -I/usr/local/Cellar/php/8.3.11/include/php/Zend -I/usr/local/Cellar/php/8.3.11/include/php/ext -I/usr/local/Cellar/php/8.3.11/include/php/ext/date/lib -I/Users/frankpulidoalvarez/Downloads/xdebug-3.3.2/xdebug-3.3.2/src  -DHAVE_CONFIG_H  -g -O2 -D_GNU_SOURCE     -DZEND_COMPILE_DL_EXT=1 -c /Users/frankpulidoalvarez/Downloads/xdebug-3.3.2/xdebug-3.3.2/src/debugger/ip_info.c -o src/debugger/ip_info.lo  -MMD -MF src/debugger/ip_info.dep -MT src/debugger/ip_info.lo
 cc -I. -I/Users/frankpulidoalvarez/Downloads/xdebug-3.3.2/xdebug-3.3.2 -I/Users/frankpulidoalvarez/Downloads/xdebug-3.3.2/xdebug-3.3.2/include -I/Users/frankpulidoalvarez/Downloads/xdebug-3.3.2/xdebug-3.3.2/main -I/Users/frankpulidoalvarez/Downloads/xdebug-3.3.2/xdebug-3.3.2 -I/usr/local/Cellar/php/8.3.11/include/php -I/usr/local/Cellar/php/8.3.11/include/php/main -I/usr/local/Cellar/php/8.3.11/include/php/TSRM -I/usr/local/Cellar/php/8.3.11/include/php/Zend -I/usr/local/Cellar/php/8.3.11/include/php/ext -I/usr/local/Cellar/php/8.3.11/include/php/ext/date/lib -I/Users/frankpulidoalvarez/Downloads/xdebug-3.3.2/xdebug-3.3.2/src -DHAVE_CONFIG_H -g -O2 -D_GNU_SOURCE -DZEND_COMPILE_DL_EXT=1 -c /Users/frankpulidoalvarez/Downloads/xdebug-3.3.2/xdebug-3.3.2/src/debugger/ip_info.c -MMD -MF src/debugger/ip_info.dep -MT src/debugger/ip_info.lo  -fno-common -DPIC -o src/debugger/.libs/ip_info.o
/bin/sh /Users/frankpulidoalvarez/Downloads/xdebug-3.3.2/xdebug-3.3.2/libtool --tag=CC --mode=compile cc -I. -I/Users/frankpulidoalvarez/Downloads/xdebug-3.3.2/xdebug-3.3.2 -I/Users/frankpulidoalvarez/Downloads/xdebug-3.3.2/xdebug-3.3.2/include -I/Users/frankpulidoalvarez/Downloads/xdebug-3.3.2/xdebug-3.3.2/main -I/Users/frankpulidoalvarez/Downloads/xdebug-3.3.2/xdebug-3.3.2 -I/usr/local/Cellar/php/8.3.11/include/php -I/usr/local/Cellar/php/8.3.11/include/php/main -I/usr/local/Cellar/php/8.3.11/include/php/TSRM -I/usr/local/Cellar/php/8.3.11/include/php/Zend -I/usr/local/Cellar/php/8.3.11/include/php/ext -I/usr/local/Cellar/php/8.3.11/include/php/ext/date/lib -I/Users/frankpulidoalvarez/Downloads/xdebug-3.3.2/xdebug-3.3.2/src  -DHAVE_CONFIG_H  -g -O2 -D_GNU_SOURCE     -DZEND_COMPILE_DL_EXT=1 -c /Users/frankpulidoalvarez/Downloads/xdebug-3.3.2/xdebug-3.3.2/src/develop/develop.c -o src/develop/develop.lo  -MMD -MF src/develop/develop.dep -MT src/develop/develop.lo
mkdir src/develop/.libs
 cc -I. -I/Users/frankpulidoalvarez/Downloads/xdebug-3.3.2/xdebug-3.3.2 -I/Users/frankpulidoalvarez/Downloads/xdebug-3.3.2/xdebug-3.3.2/include -I/Users/frankpulidoalvarez/Downloads/xdebug-3.3.2/xdebug-3.3.2/main -I/Users/frankpulidoalvarez/Downloads/xdebug-3.3.2/xdebug-3.3.2 -I/usr/local/Cellar/php/8.3.11/include/php -I/usr/local/Cellar/php/8.3.11/include/php/main -I/usr/local/Cellar/php/8.3.11/include/php/TSRM -I/usr/local/Cellar/php/8.3.11/include/php/Zend -I/usr/local/Cellar/php/8.3.11/include/php/ext -I/usr/local/Cellar/php/8.3.11/include/php/ext/date/lib -I/Users/frankpulidoalvarez/Downloads/xdebug-3.3.2/xdebug-3.3.2/src -DHAVE_CONFIG_H -g -O2 -D_GNU_SOURCE -DZEND_COMPILE_DL_EXT=1 -c /Users/frankpulidoalvarez/Downloads/xdebug-3.3.2/xdebug-3.3.2/src/develop/develop.c -MMD -MF src/develop/develop.dep -MT src/develop/develop.lo  -fno-common -DPIC -o src/develop/.libs/develop.o
/bin/sh /Users/frankpulidoalvarez/Downloads/xdebug-3.3.2/xdebug-3.3.2/libtool --tag=CC --mode=compile cc -I. -I/Users/frankpulidoalvarez/Downloads/xdebug-3.3.2/xdebug-3.3.2 -I/Users/frankpulidoalvarez/Downloads/xdebug-3.3.2/xdebug-3.3.2/include -I/Users/frankpulidoalvarez/Downloads/xdebug-3.3.2/xdebug-3.3.2/main -I/Users/frankpulidoalvarez/Downloads/xdebug-3.3.2/xdebug-3.3.2 -I/usr/local/Cellar/php/8.3.11/include/php -I/usr/local/Cellar/php/8.3.11/include/php/main -I/usr/local/Cellar/php/8.3.11/include/php/TSRM -I/usr/local/Cellar/php/8.3.11/include/php/Zend -I/usr/local/Cellar/php/8.3.11/include/php/ext -I/usr/local/Cellar/php/8.3.11/include/php/ext/date/lib -I/Users/frankpulidoalvarez/Downloads/xdebug-3.3.2/xdebug-3.3.2/src  -DHAVE_CONFIG_H  -g -O2 -D_GNU_SOURCE     -DZEND_COMPILE_DL_EXT=1 -c /Users/frankpulidoalvarez/Downloads/xdebug-3.3.2/xdebug-3.3.2/src/develop/monitor.c -o src/develop/monitor.lo  -MMD -MF src/develop/monitor.dep -MT src/develop/monitor.lo
 cc -I. -I/Users/frankpulidoalvarez/Downloads/xdebug-3.3.2/xdebug-3.3.2 -I/Users/frankpulidoalvarez/Downloads/xdebug-3.3.2/xdebug-3.3.2/include -I/Users/frankpulidoalvarez/Downloads/xdebug-3.3.2/xdebug-3.3.2/main -I/Users/frankpulidoalvarez/Downloads/xdebug-3.3.2/xdebug-3.3.2 -I/usr/local/Cellar/php/8.3.11/include/php -I/usr/local/Cellar/php/8.3.11/include/php/main -I/usr/local/Cellar/php/8.3.11/include/php/TSRM -I/usr/local/Cellar/php/8.3.11/include/php/Zend -I/usr/local/Cellar/php/8.3.11/include/php/ext -I/usr/local/Cellar/php/8.3.11/include/php/ext/date/lib -I/Users/frankpulidoalvarez/Downloads/xdebug-3.3.2/xdebug-3.3.2/src -DHAVE_CONFIG_H -g -O2 -D_GNU_SOURCE -DZEND_COMPILE_DL_EXT=1 -c /Users/frankpulidoalvarez/Downloads/xdebug-3.3.2/xdebug-3.3.2/src/develop/monitor.c -MMD -MF src/develop/monitor.dep -MT src/develop/monitor.lo  -fno-common -DPIC -o src/develop/.libs/monitor.o
/bin/sh /Users/frankpulidoalvarez/Downloads/xdebug-3.3.2/xdebug-3.3.2/libtool --tag=CC --mode=compile cc -I. -I/Users/frankpulidoalvarez/Downloads/xdebug-3.3.2/xdebug-3.3.2 -I/Users/frankpulidoalvarez/Downloads/xdebug-3.3.2/xdebug-3.3.2/include -I/Users/frankpulidoalvarez/Downloads/xdebug-3.3.2/xdebug-3.3.2/main -I/Users/frankpulidoalvarez/Downloads/xdebug-3.3.2/xdebug-3.3.2 -I/usr/local/Cellar/php/8.3.11/include/php -I/usr/local/Cellar/php/8.3.11/include/php/main -I/usr/local/Cellar/php/8.3.11/include/php/TSRM -I/usr/local/Cellar/php/8.3.11/include/php/Zend -I/usr/local/Cellar/php/8.3.11/include/php/ext -I/usr/local/Cellar/php/8.3.11/include/php/ext/date/lib -I/Users/frankpulidoalvarez/Downloads/xdebug-3.3.2/xdebug-3.3.2/src  -DHAVE_CONFIG_H  -g -O2 -D_GNU_SOURCE     -DZEND_COMPILE_DL_EXT=1 -c /Users/frankpulidoalvarez/Downloads/xdebug-3.3.2/xdebug-3.3.2/src/develop/php_functions.c -o src/develop/php_functions.lo  -MMD -MF src/develop/php_functions.dep -MT src/develop/php_functions.lo
 cc -I. -I/Users/frankpulidoalvarez/Downloads/xdebug-3.3.2/xdebug-3.3.2 -I/Users/frankpulidoalvarez/Downloads/xdebug-3.3.2/xdebug-3.3.2/include -I/Users/frankpulidoalvarez/Downloads/xdebug-3.3.2/xdebug-3.3.2/main -I/Users/frankpulidoalvarez/Downloads/xdebug-3.3.2/xdebug-3.3.2 -I/usr/local/Cellar/php/8.3.11/include/php -I/usr/local/Cellar/php/8.3.11/include/php/main -I/usr/local/Cellar/php/8.3.11/include/php/TSRM -I/usr/local/Cellar/php/8.3.11/include/php/Zend -I/usr/local/Cellar/php/8.3.11/include/php/ext -I/usr/local/Cellar/php/8.3.11/include/php/ext/date/lib -I/Users/frankpulidoalvarez/Downloads/xdebug-3.3.2/xdebug-3.3.2/src -DHAVE_CONFIG_H -g -O2 -D_GNU_SOURCE -DZEND_COMPILE_DL_EXT=1 -c /Users/frankpulidoalvarez/Downloads/xdebug-3.3.2/xdebug-3.3.2/src/develop/php_functions.c -MMD -MF src/develop/php_functions.dep -MT src/develop/php_functions.lo  -fno-common -DPIC -o src/develop/.libs/php_functions.o
/bin/sh /Users/frankpulidoalvarez/Downloads/xdebug-3.3.2/xdebug-3.3.2/libtool --tag=CC --mode=compile cc -I. -I/Users/frankpulidoalvarez/Downloads/xdebug-3.3.2/xdebug-3.3.2 -I/Users/frankpulidoalvarez/Downloads/xdebug-3.3.2/xdebug-3.3.2/include -I/Users/frankpulidoalvarez/Downloads/xdebug-3.3.2/xdebug-3.3.2/main -I/Users/frankpulidoalvarez/Downloads/xdebug-3.3.2/xdebug-3.3.2 -I/usr/local/Cellar/php/8.3.11/include/php -I/usr/local/Cellar/php/8.3.11/include/php/main -I/usr/local/Cellar/php/8.3.11/include/php/TSRM -I/usr/local/Cellar/php/8.3.11/include/php/Zend -I/usr/local/Cellar/php/8.3.11/include/php/ext -I/usr/local/Cellar/php/8.3.11/include/php/ext/date/lib -I/Users/frankpulidoalvarez/Downloads/xdebug-3.3.2/xdebug-3.3.2/src  -DHAVE_CONFIG_H  -g -O2 -D_GNU_SOURCE     -DZEND_COMPILE_DL_EXT=1 -c /Users/frankpulidoalvarez/Downloads/xdebug-3.3.2/xdebug-3.3.2/src/develop/stack.c -o src/develop/stack.lo  -MMD -MF src/develop/stack.dep -MT src/develop/stack.lo
 cc -I. -I/Users/frankpulidoalvarez/Downloads/xdebug-3.3.2/xdebug-3.3.2 -I/Users/frankpulidoalvarez/Downloads/xdebug-3.3.2/xdebug-3.3.2/include -I/Users/frankpulidoalvarez/Downloads/xdebug-3.3.2/xdebug-3.3.2/main -I/Users/frankpulidoalvarez/Downloads/xdebug-3.3.2/xdebug-3.3.2 -I/usr/local/Cellar/php/8.3.11/include/php -I/usr/local/Cellar/php/8.3.11/include/php/main -I/usr/local/Cellar/php/8.3.11/include/php/TSRM -I/usr/local/Cellar/php/8.3.11/include/php/Zend -I/usr/local/Cellar/php/8.3.11/include/php/ext -I/usr/local/Cellar/php/8.3.11/include/php/ext/date/lib -I/Users/frankpulidoalvarez/Downloads/xdebug-3.3.2/xdebug-3.3.2/src -DHAVE_CONFIG_H -g -O2 -D_GNU_SOURCE -DZEND_COMPILE_DL_EXT=1 -c /Users/frankpulidoalvarez/Downloads/xdebug-3.3.2/xdebug-3.3.2/src/develop/stack.c -MMD -MF src/develop/stack.dep -MT src/develop/stack.lo  -fno-common -DPIC -o src/develop/.libs/stack.o
/Users/frankpulidoalvarez/Downloads/xdebug-3.3.2/xdebug-3.3.2/src/develop/stack.c:1311:3: warning: the argument to '__builtin_assume' has side effects that will be discarded [-Wassume]
                Z_PARAM_ARRAY_HT_OR_NULL(options)
                ^~~~~~~~~~~~~~~~~~~~~~~~~~~~~~~~~
/usr/local/Cellar/php/8.3.11/include/php/Zend/zend_API.h:1835:2: note: expanded from macro 'Z_PARAM_ARRAY_HT_OR_NULL'
        Z_PARAM_ARRAY_HT_EX(dest, 1, 0)
        ^~~~~~~~~~~~~~~~~~~~~~~~~~~~~~~
/usr/local/Cellar/php/8.3.11/include/php/Zend/zend_API.h:1829:2: note: expanded from macro 'Z_PARAM_ARRAY_HT_EX'
        Z_PARAM_ARRAY_HT_EX2(dest, check_null, separate, separate)
        ^~~~~~~~~~~~~~~~~~~~~~~~~~~~~~~~~~~~~~~~~~~~~~~~~~~~~~~~~~
/usr/local/Cellar/php/8.3.11/include/php/Zend/zend_API.h:1821:3: note: expanded from macro 'Z_PARAM_ARRAY_HT_EX2'
                Z_PARAM_PROLOGUE(deref, separate); \
                ^~~~~~~~~~~~~~~~~~~~~~~~~~~~~~~~~
note: (skipping 3 expansions in backtrace; use -fmacro-backtrace-limit=0 to see all)
/usr/local/Cellar/php/8.3.11/include/php/Zend/zend_types.h:657:25: note: expanded from macro 'Z_TYPE'
#define Z_TYPE(zval)                            zval_get_type(&(zval))
                                                ^
/usr/local/Cellar/php/8.3.11/include/php/Zend/zend_portability.h:106:37: note: expanded from macro 'ZEND_ASSERT'
# define ZEND_ASSERT(c) ZEND_ASSUME(c)
                        ~~~~~~~~~~~~^~
/usr/local/Cellar/php/8.3.11/include/php/Zend/zend_portability.h:94:42: note: expanded from macro 'ZEND_ASSUME'
# define ZEND_ASSUME(c) __builtin_assume(c)
                                         ^
1 warning generated.
/bin/sh /Users/frankpulidoalvarez/Downloads/xdebug-3.3.2/xdebug-3.3.2/libtool --tag=CC --mode=compile cc -I. -I/Users/frankpulidoalvarez/Downloads/xdebug-3.3.2/xdebug-3.3.2 -I/Users/frankpulidoalvarez/Downloads/xdebug-3.3.2/xdebug-3.3.2/include -I/Users/frankpulidoalvarez/Downloads/xdebug-3.3.2/xdebug-3.3.2/main -I/Users/frankpulidoalvarez/Downloads/xdebug-3.3.2/xdebug-3.3.2 -I/usr/local/Cellar/php/8.3.11/include/php -I/usr/local/Cellar/php/8.3.11/include/php/main -I/usr/local/Cellar/php/8.3.11/include/php/TSRM -I/usr/local/Cellar/php/8.3.11/include/php/Zend -I/usr/local/Cellar/php/8.3.11/include/php/ext -I/usr/local/Cellar/php/8.3.11/include/php/ext/date/lib -I/Users/frankpulidoalvarez/Downloads/xdebug-3.3.2/xdebug-3.3.2/src  -DHAVE_CONFIG_H  -g -O2 -D_GNU_SOURCE     -DZEND_COMPILE_DL_EXT=1 -c /Users/frankpulidoalvarez/Downloads/xdebug-3.3.2/xdebug-3.3.2/src/develop/superglobals.c -o src/develop/superglobals.lo  -MMD -MF src/develop/superglobals.dep -MT src/develop/superglobals.lo
 cc -I. -I/Users/frankpulidoalvarez/Downloads/xdebug-3.3.2/xdebug-3.3.2 -I/Users/frankpulidoalvarez/Downloads/xdebug-3.3.2/xdebug-3.3.2/include -I/Users/frankpulidoalvarez/Downloads/xdebug-3.3.2/xdebug-3.3.2/main -I/Users/frankpulidoalvarez/Downloads/xdebug-3.3.2/xdebug-3.3.2 -I/usr/local/Cellar/php/8.3.11/include/php -I/usr/local/Cellar/php/8.3.11/include/php/main -I/usr/local/Cellar/php/8.3.11/include/php/TSRM -I/usr/local/Cellar/php/8.3.11/include/php/Zend -I/usr/local/Cellar/php/8.3.11/include/php/ext -I/usr/local/Cellar/php/8.3.11/include/php/ext/date/lib -I/Users/frankpulidoalvarez/Downloads/xdebug-3.3.2/xdebug-3.3.2/src -DHAVE_CONFIG_H -g -O2 -D_GNU_SOURCE -DZEND_COMPILE_DL_EXT=1 -c /Users/frankpulidoalvarez/Downloads/xdebug-3.3.2/xdebug-3.3.2/src/develop/superglobals.c -MMD -MF src/develop/superglobals.dep -MT src/develop/superglobals.lo  -fno-common -DPIC -o src/develop/.libs/superglobals.o
/bin/sh /Users/frankpulidoalvarez/Downloads/xdebug-3.3.2/xdebug-3.3.2/libtool --tag=CC --mode=compile cc -I. -I/Users/frankpulidoalvarez/Downloads/xdebug-3.3.2/xdebug-3.3.2 -I/Users/frankpulidoalvarez/Downloads/xdebug-3.3.2/xdebug-3.3.2/include -I/Users/frankpulidoalvarez/Downloads/xdebug-3.3.2/xdebug-3.3.2/main -I/Users/frankpulidoalvarez/Downloads/xdebug-3.3.2/xdebug-3.3.2 -I/usr/local/Cellar/php/8.3.11/include/php -I/usr/local/Cellar/php/8.3.11/include/php/main -I/usr/local/Cellar/php/8.3.11/include/php/TSRM -I/usr/local/Cellar/php/8.3.11/include/php/Zend -I/usr/local/Cellar/php/8.3.11/include/php/ext -I/usr/local/Cellar/php/8.3.11/include/php/ext/date/lib -I/Users/frankpulidoalvarez/Downloads/xdebug-3.3.2/xdebug-3.3.2/src  -DHAVE_CONFIG_H  -g -O2 -D_GNU_SOURCE     -DZEND_COMPILE_DL_EXT=1 -c /Users/frankpulidoalvarez/Downloads/xdebug-3.3.2/xdebug-3.3.2/src/gcstats/gc_stats.c -o src/gcstats/gc_stats.lo  -MMD -MF src/gcstats/gc_stats.dep -MT src/gcstats/gc_stats.lo
mkdir src/gcstats/.libs
 cc -I. -I/Users/frankpulidoalvarez/Downloads/xdebug-3.3.2/xdebug-3.3.2 -I/Users/frankpulidoalvarez/Downloads/xdebug-3.3.2/xdebug-3.3.2/include -I/Users/frankpulidoalvarez/Downloads/xdebug-3.3.2/xdebug-3.3.2/main -I/Users/frankpulidoalvarez/Downloads/xdebug-3.3.2/xdebug-3.3.2 -I/usr/local/Cellar/php/8.3.11/include/php -I/usr/local/Cellar/php/8.3.11/include/php/main -I/usr/local/Cellar/php/8.3.11/include/php/TSRM -I/usr/local/Cellar/php/8.3.11/include/php/Zend -I/usr/local/Cellar/php/8.3.11/include/php/ext -I/usr/local/Cellar/php/8.3.11/include/php/ext/date/lib -I/Users/frankpulidoalvarez/Downloads/xdebug-3.3.2/xdebug-3.3.2/src -DHAVE_CONFIG_H -g -O2 -D_GNU_SOURCE -DZEND_COMPILE_DL_EXT=1 -c /Users/frankpulidoalvarez/Downloads/xdebug-3.3.2/xdebug-3.3.2/src/gcstats/gc_stats.c -MMD -MF src/gcstats/gc_stats.dep -MT src/gcstats/gc_stats.lo  -fno-common -DPIC -o src/gcstats/.libs/gc_stats.o
/bin/sh /Users/frankpulidoalvarez/Downloads/xdebug-3.3.2/xdebug-3.3.2/libtool --tag=CC --mode=compile cc -I. -I/Users/frankpulidoalvarez/Downloads/xdebug-3.3.2/xdebug-3.3.2 -I/Users/frankpulidoalvarez/Downloads/xdebug-3.3.2/xdebug-3.3.2/include -I/Users/frankpulidoalvarez/Downloads/xdebug-3.3.2/xdebug-3.3.2/main -I/Users/frankpulidoalvarez/Downloads/xdebug-3.3.2/xdebug-3.3.2 -I/usr/local/Cellar/php/8.3.11/include/php -I/usr/local/Cellar/php/8.3.11/include/php/main -I/usr/local/Cellar/php/8.3.11/include/php/TSRM -I/usr/local/Cellar/php/8.3.11/include/php/Zend -I/usr/local/Cellar/php/8.3.11/include/php/ext -I/usr/local/Cellar/php/8.3.11/include/php/ext/date/lib -I/Users/frankpulidoalvarez/Downloads/xdebug-3.3.2/xdebug-3.3.2/src  -DHAVE_CONFIG_H  -g -O2 -D_GNU_SOURCE     -DZEND_COMPILE_DL_EXT=1 -c /Users/frankpulidoalvarez/Downloads/xdebug-3.3.2/xdebug-3.3.2/src/profiler/profiler.c -o src/profiler/profiler.lo  -MMD -MF src/profiler/profiler.dep -MT src/profiler/profiler.lo
mkdir src/profiler/.libs
 cc -I. -I/Users/frankpulidoalvarez/Downloads/xdebug-3.3.2/xdebug-3.3.2 -I/Users/frankpulidoalvarez/Downloads/xdebug-3.3.2/xdebug-3.3.2/include -I/Users/frankpulidoalvarez/Downloads/xdebug-3.3.2/xdebug-3.3.2/main -I/Users/frankpulidoalvarez/Downloads/xdebug-3.3.2/xdebug-3.3.2 -I/usr/local/Cellar/php/8.3.11/include/php -I/usr/local/Cellar/php/8.3.11/include/php/main -I/usr/local/Cellar/php/8.3.11/include/php/TSRM -I/usr/local/Cellar/php/8.3.11/include/php/Zend -I/usr/local/Cellar/php/8.3.11/include/php/ext -I/usr/local/Cellar/php/8.3.11/include/php/ext/date/lib -I/Users/frankpulidoalvarez/Downloads/xdebug-3.3.2/xdebug-3.3.2/src -DHAVE_CONFIG_H -g -O2 -D_GNU_SOURCE -DZEND_COMPILE_DL_EXT=1 -c /Users/frankpulidoalvarez/Downloads/xdebug-3.3.2/xdebug-3.3.2/src/profiler/profiler.c -MMD -MF src/profiler/profiler.dep -MT src/profiler/profiler.lo  -fno-common -DPIC -o src/profiler/.libs/profiler.o
/bin/sh /Users/frankpulidoalvarez/Downloads/xdebug-3.3.2/xdebug-3.3.2/libtool --tag=CC --mode=compile cc -I. -I/Users/frankpulidoalvarez/Downloads/xdebug-3.3.2/xdebug-3.3.2 -I/Users/frankpulidoalvarez/Downloads/xdebug-3.3.2/xdebug-3.3.2/include -I/Users/frankpulidoalvarez/Downloads/xdebug-3.3.2/xdebug-3.3.2/main -I/Users/frankpulidoalvarez/Downloads/xdebug-3.3.2/xdebug-3.3.2 -I/usr/local/Cellar/php/8.3.11/include/php -I/usr/local/Cellar/php/8.3.11/include/php/main -I/usr/local/Cellar/php/8.3.11/include/php/TSRM -I/usr/local/Cellar/php/8.3.11/include/php/Zend -I/usr/local/Cellar/php/8.3.11/include/php/ext -I/usr/local/Cellar/php/8.3.11/include/php/ext/date/lib -I/Users/frankpulidoalvarez/Downloads/xdebug-3.3.2/xdebug-3.3.2/src  -DHAVE_CONFIG_H  -g -O2 -D_GNU_SOURCE     -DZEND_COMPILE_DL_EXT=1 -c /Users/frankpulidoalvarez/Downloads/xdebug-3.3.2/xdebug-3.3.2/src/tracing/trace_computerized.c -o src/tracing/trace_computerized.lo  -MMD -MF src/tracing/trace_computerized.dep -MT src/tracing/trace_computerized.lo
mkdir src/tracing/.libs
 cc -I. -I/Users/frankpulidoalvarez/Downloads/xdebug-3.3.2/xdebug-3.3.2 -I/Users/frankpulidoalvarez/Downloads/xdebug-3.3.2/xdebug-3.3.2/include -I/Users/frankpulidoalvarez/Downloads/xdebug-3.3.2/xdebug-3.3.2/main -I/Users/frankpulidoalvarez/Downloads/xdebug-3.3.2/xdebug-3.3.2 -I/usr/local/Cellar/php/8.3.11/include/php -I/usr/local/Cellar/php/8.3.11/include/php/main -I/usr/local/Cellar/php/8.3.11/include/php/TSRM -I/usr/local/Cellar/php/8.3.11/include/php/Zend -I/usr/local/Cellar/php/8.3.11/include/php/ext -I/usr/local/Cellar/php/8.3.11/include/php/ext/date/lib -I/Users/frankpulidoalvarez/Downloads/xdebug-3.3.2/xdebug-3.3.2/src -DHAVE_CONFIG_H -g -O2 -D_GNU_SOURCE -DZEND_COMPILE_DL_EXT=1 -c /Users/frankpulidoalvarez/Downloads/xdebug-3.3.2/xdebug-3.3.2/src/tracing/trace_computerized.c -MMD -MF src/tracing/trace_computerized.dep -MT src/tracing/trace_computerized.lo  -fno-common -DPIC -o src/tracing/.libs/trace_computerized.o
/bin/sh /Users/frankpulidoalvarez/Downloads/xdebug-3.3.2/xdebug-3.3.2/libtool --tag=CC --mode=compile cc -I. -I/Users/frankpulidoalvarez/Downloads/xdebug-3.3.2/xdebug-3.3.2 -I/Users/frankpulidoalvarez/Downloads/xdebug-3.3.2/xdebug-3.3.2/include -I/Users/frankpulidoalvarez/Downloads/xdebug-3.3.2/xdebug-3.3.2/main -I/Users/frankpulidoalvarez/Downloads/xdebug-3.3.2/xdebug-3.3.2 -I/usr/local/Cellar/php/8.3.11/include/php -I/usr/local/Cellar/php/8.3.11/include/php/main -I/usr/local/Cellar/php/8.3.11/include/php/TSRM -I/usr/local/Cellar/php/8.3.11/include/php/Zend -I/usr/local/Cellar/php/8.3.11/include/php/ext -I/usr/local/Cellar/php/8.3.11/include/php/ext/date/lib -I/Users/frankpulidoalvarez/Downloads/xdebug-3.3.2/xdebug-3.3.2/src  -DHAVE_CONFIG_H  -g -O2 -D_GNU_SOURCE     -DZEND_COMPILE_DL_EXT=1 -c /Users/frankpulidoalvarez/Downloads/xdebug-3.3.2/xdebug-3.3.2/src/tracing/trace_flamegraph.c -o src/tracing/trace_flamegraph.lo  -MMD -MF src/tracing/trace_flamegraph.dep -MT src/tracing/trace_flamegraph.lo
 cc -I. -I/Users/frankpulidoalvarez/Downloads/xdebug-3.3.2/xdebug-3.3.2 -I/Users/frankpulidoalvarez/Downloads/xdebug-3.3.2/xdebug-3.3.2/include -I/Users/frankpulidoalvarez/Downloads/xdebug-3.3.2/xdebug-3.3.2/main -I/Users/frankpulidoalvarez/Downloads/xdebug-3.3.2/xdebug-3.3.2 -I/usr/local/Cellar/php/8.3.11/include/php -I/usr/local/Cellar/php/8.3.11/include/php/main -I/usr/local/Cellar/php/8.3.11/include/php/TSRM -I/usr/local/Cellar/php/8.3.11/include/php/Zend -I/usr/local/Cellar/php/8.3.11/include/php/ext -I/usr/local/Cellar/php/8.3.11/include/php/ext/date/lib -I/Users/frankpulidoalvarez/Downloads/xdebug-3.3.2/xdebug-3.3.2/src -DHAVE_CONFIG_H -g -O2 -D_GNU_SOURCE -DZEND_COMPILE_DL_EXT=1 -c /Users/frankpulidoalvarez/Downloads/xdebug-3.3.2/xdebug-3.3.2/src/tracing/trace_flamegraph.c -MMD -MF src/tracing/trace_flamegraph.dep -MT src/tracing/trace_flamegraph.lo  -fno-common -DPIC -o src/tracing/.libs/trace_flamegraph.o
/bin/sh /Users/frankpulidoalvarez/Downloads/xdebug-3.3.2/xdebug-3.3.2/libtool --tag=CC --mode=compile cc -I. -I/Users/frankpulidoalvarez/Downloads/xdebug-3.3.2/xdebug-3.3.2 -I/Users/frankpulidoalvarez/Downloads/xdebug-3.3.2/xdebug-3.3.2/include -I/Users/frankpulidoalvarez/Downloads/xdebug-3.3.2/xdebug-3.3.2/main -I/Users/frankpulidoalvarez/Downloads/xdebug-3.3.2/xdebug-3.3.2 -I/usr/local/Cellar/php/8.3.11/include/php -I/usr/local/Cellar/php/8.3.11/include/php/main -I/usr/local/Cellar/php/8.3.11/include/php/TSRM -I/usr/local/Cellar/php/8.3.11/include/php/Zend -I/usr/local/Cellar/php/8.3.11/include/php/ext -I/usr/local/Cellar/php/8.3.11/include/php/ext/date/lib -I/Users/frankpulidoalvarez/Downloads/xdebug-3.3.2/xdebug-3.3.2/src  -DHAVE_CONFIG_H  -g -O2 -D_GNU_SOURCE     -DZEND_COMPILE_DL_EXT=1 -c /Users/frankpulidoalvarez/Downloads/xdebug-3.3.2/xdebug-3.3.2/src/tracing/trace_html.c -o src/tracing/trace_html.lo  -MMD -MF src/tracing/trace_html.dep -MT src/tracing/trace_html.lo
 cc -I. -I/Users/frankpulidoalvarez/Downloads/xdebug-3.3.2/xdebug-3.3.2 -I/Users/frankpulidoalvarez/Downloads/xdebug-3.3.2/xdebug-3.3.2/include -I/Users/frankpulidoalvarez/Downloads/xdebug-3.3.2/xdebug-3.3.2/main -I/Users/frankpulidoalvarez/Downloads/xdebug-3.3.2/xdebug-3.3.2 -I/usr/local/Cellar/php/8.3.11/include/php -I/usr/local/Cellar/php/8.3.11/include/php/main -I/usr/local/Cellar/php/8.3.11/include/php/TSRM -I/usr/local/Cellar/php/8.3.11/include/php/Zend -I/usr/local/Cellar/php/8.3.11/include/php/ext -I/usr/local/Cellar/php/8.3.11/include/php/ext/date/lib -I/Users/frankpulidoalvarez/Downloads/xdebug-3.3.2/xdebug-3.3.2/src -DHAVE_CONFIG_H -g -O2 -D_GNU_SOURCE -DZEND_COMPILE_DL_EXT=1 -c /Users/frankpulidoalvarez/Downloads/xdebug-3.3.2/xdebug-3.3.2/src/tracing/trace_html.c -MMD -MF src/tracing/trace_html.dep -MT src/tracing/trace_html.lo  -fno-common -DPIC -o src/tracing/.libs/trace_html.o
/bin/sh /Users/frankpulidoalvarez/Downloads/xdebug-3.3.2/xdebug-3.3.2/libtool --tag=CC --mode=compile cc -I. -I/Users/frankpulidoalvarez/Downloads/xdebug-3.3.2/xdebug-3.3.2 -I/Users/frankpulidoalvarez/Downloads/xdebug-3.3.2/xdebug-3.3.2/include -I/Users/frankpulidoalvarez/Downloads/xdebug-3.3.2/xdebug-3.3.2/main -I/Users/frankpulidoalvarez/Downloads/xdebug-3.3.2/xdebug-3.3.2 -I/usr/local/Cellar/php/8.3.11/include/php -I/usr/local/Cellar/php/8.3.11/include/php/main -I/usr/local/Cellar/php/8.3.11/include/php/TSRM -I/usr/local/Cellar/php/8.3.11/include/php/Zend -I/usr/local/Cellar/php/8.3.11/include/php/ext -I/usr/local/Cellar/php/8.3.11/include/php/ext/date/lib -I/Users/frankpulidoalvarez/Downloads/xdebug-3.3.2/xdebug-3.3.2/src  -DHAVE_CONFIG_H  -g -O2 -D_GNU_SOURCE     -DZEND_COMPILE_DL_EXT=1 -c /Users/frankpulidoalvarez/Downloads/xdebug-3.3.2/xdebug-3.3.2/src/tracing/trace_textual.c -o src/tracing/trace_textual.lo  -MMD -MF src/tracing/trace_textual.dep -MT src/tracing/trace_textual.lo
 cc -I. -I/Users/frankpulidoalvarez/Downloads/xdebug-3.3.2/xdebug-3.3.2 -I/Users/frankpulidoalvarez/Downloads/xdebug-3.3.2/xdebug-3.3.2/include -I/Users/frankpulidoalvarez/Downloads/xdebug-3.3.2/xdebug-3.3.2/main -I/Users/frankpulidoalvarez/Downloads/xdebug-3.3.2/xdebug-3.3.2 -I/usr/local/Cellar/php/8.3.11/include/php -I/usr/local/Cellar/php/8.3.11/include/php/main -I/usr/local/Cellar/php/8.3.11/include/php/TSRM -I/usr/local/Cellar/php/8.3.11/include/php/Zend -I/usr/local/Cellar/php/8.3.11/include/php/ext -I/usr/local/Cellar/php/8.3.11/include/php/ext/date/lib -I/Users/frankpulidoalvarez/Downloads/xdebug-3.3.2/xdebug-3.3.2/src -DHAVE_CONFIG_H -g -O2 -D_GNU_SOURCE -DZEND_COMPILE_DL_EXT=1 -c /Users/frankpulidoalvarez/Downloads/xdebug-3.3.2/xdebug-3.3.2/src/tracing/trace_textual.c -MMD -MF src/tracing/trace_textual.dep -MT src/tracing/trace_textual.lo  -fno-common -DPIC -o src/tracing/.libs/trace_textual.o
/bin/sh /Users/frankpulidoalvarez/Downloads/xdebug-3.3.2/xdebug-3.3.2/libtool --tag=CC --mode=compile cc -I. -I/Users/frankpulidoalvarez/Downloads/xdebug-3.3.2/xdebug-3.3.2 -I/Users/frankpulidoalvarez/Downloads/xdebug-3.3.2/xdebug-3.3.2/include -I/Users/frankpulidoalvarez/Downloads/xdebug-3.3.2/xdebug-3.3.2/main -I/Users/frankpulidoalvarez/Downloads/xdebug-3.3.2/xdebug-3.3.2 -I/usr/local/Cellar/php/8.3.11/include/php -I/usr/local/Cellar/php/8.3.11/include/php/main -I/usr/local/Cellar/php/8.3.11/include/php/TSRM -I/usr/local/Cellar/php/8.3.11/include/php/Zend -I/usr/local/Cellar/php/8.3.11/include/php/ext -I/usr/local/Cellar/php/8.3.11/include/php/ext/date/lib -I/Users/frankpulidoalvarez/Downloads/xdebug-3.3.2/xdebug-3.3.2/src  -DHAVE_CONFIG_H  -g -O2 -D_GNU_SOURCE     -DZEND_COMPILE_DL_EXT=1 -c /Users/frankpulidoalvarez/Downloads/xdebug-3.3.2/xdebug-3.3.2/src/tracing/tracing.c -o src/tracing/tracing.lo  -MMD -MF src/tracing/tracing.dep -MT src/tracing/tracing.lo
 cc -I. -I/Users/frankpulidoalvarez/Downloads/xdebug-3.3.2/xdebug-3.3.2 -I/Users/frankpulidoalvarez/Downloads/xdebug-3.3.2/xdebug-3.3.2/include -I/Users/frankpulidoalvarez/Downloads/xdebug-3.3.2/xdebug-3.3.2/main -I/Users/frankpulidoalvarez/Downloads/xdebug-3.3.2/xdebug-3.3.2 -I/usr/local/Cellar/php/8.3.11/include/php -I/usr/local/Cellar/php/8.3.11/include/php/main -I/usr/local/Cellar/php/8.3.11/include/php/TSRM -I/usr/local/Cellar/php/8.3.11/include/php/Zend -I/usr/local/Cellar/php/8.3.11/include/php/ext -I/usr/local/Cellar/php/8.3.11/include/php/ext/date/lib -I/Users/frankpulidoalvarez/Downloads/xdebug-3.3.2/xdebug-3.3.2/src -DHAVE_CONFIG_H -g -O2 -D_GNU_SOURCE -DZEND_COMPILE_DL_EXT=1 -c /Users/frankpulidoalvarez/Downloads/xdebug-3.3.2/xdebug-3.3.2/src/tracing/tracing.c -MMD -MF src/tracing/tracing.dep -MT src/tracing/tracing.lo  -fno-common -DPIC -o src/tracing/.libs/tracing.o
/bin/sh /Users/frankpulidoalvarez/Downloads/xdebug-3.3.2/xdebug-3.3.2/libtool --tag=CC --mode=link cc -shared -I/Users/frankpulidoalvarez/Downloads/xdebug-3.3.2/xdebug-3.3.2/include -I/Users/frankpulidoalvarez/Downloads/xdebug-3.3.2/xdebug-3.3.2/main -I/Users/frankpulidoalvarez/Downloads/xdebug-3.3.2/xdebug-3.3.2 -I/usr/local/Cellar/php/8.3.11/include/php -I/usr/local/Cellar/php/8.3.11/include/php/main -I/usr/local/Cellar/php/8.3.11/include/php/TSRM -I/usr/local/Cellar/php/8.3.11/include/php/Zend -I/usr/local/Cellar/php/8.3.11/include/php/ext -I/usr/local/Cellar/php/8.3.11/include/php/ext/date/lib -I/Users/frankpulidoalvarez/Downloads/xdebug-3.3.2/xdebug-3.3.2/src  -DHAVE_CONFIG_H  -g -O2 -D_GNU_SOURCE    -o xdebug.la -export-dynamic -avoid-version -prefer-pic -module -rpath /Users/frankpulidoalvarez/Downloads/xdebug-3.3.2/xdebug-3.3.2/modules  xdebug.lo src/base/base.lo src/base/ctrl_socket.lo src/base/filter.lo src/lib/usefulstuff.lo src/lib/cmd_parser.lo src/lib/compat.lo src/lib/crc32.lo src/lib/file.lo src/lib/hash.lo src/lib/headers.lo src/lib/lib.lo src/lib/llist.lo src/lib/log.lo src/lib/set.lo src/lib/str.lo src/lib/timing.lo src/lib/var.lo src/lib/var_export_html.lo src/lib/var_export_line.lo src/lib/var_export_text.lo src/lib/var_export_xml.lo src/lib/xml.lo src/coverage/branch_info.lo src/coverage/code_coverage.lo src/debugger/com.lo src/debugger/debugger.lo src/debugger/handler_dbgp.lo src/debugger/handlers.lo src/debugger/ip_info.lo src/develop/develop.lo src/develop/monitor.lo src/develop/php_functions.lo src/develop/stack.lo src/develop/superglobals.lo src/gcstats/gc_stats.lo src/profiler/profiler.lo src/tracing/trace_computerized.lo src/tracing/trace_flamegraph.lo src/tracing/trace_html.lo src/tracing/trace_textual.lo src/tracing/tracing.lo -lm
cc ${wl}-flat_namespace ${wl}-undefined ${wl}suppress -o .libs/xdebug.so -bundle  .libs/xdebug.o src/base/.libs/base.o src/base/.libs/ctrl_socket.o src/base/.libs/filter.o src/lib/.libs/usefulstuff.o src/lib/.libs/cmd_parser.o src/lib/.libs/compat.o src/lib/.libs/crc32.o src/lib/.libs/file.o src/lib/.libs/hash.o src/lib/.libs/headers.o src/lib/.libs/lib.o src/lib/.libs/llist.o src/lib/.libs/log.o src/lib/.libs/set.o src/lib/.libs/str.o src/lib/.libs/timing.o src/lib/.libs/var.o src/lib/.libs/var_export_html.o src/lib/.libs/var_export_line.o src/lib/.libs/var_export_text.o src/lib/.libs/var_export_xml.o src/lib/.libs/xml.o src/coverage/.libs/branch_info.o src/coverage/.libs/code_coverage.o src/debugger/.libs/com.o src/debugger/.libs/debugger.o src/debugger/.libs/handler_dbgp.o src/debugger/.libs/handlers.o src/debugger/.libs/ip_info.o src/develop/.libs/develop.o src/develop/.libs/monitor.o src/develop/.libs/php_functions.o src/develop/.libs/stack.o src/develop/.libs/superglobals.o src/gcstats/.libs/gc_stats.o src/profiler/.libs/profiler.o src/tracing/.libs/trace_computerized.o src/tracing/.libs/trace_flamegraph.o src/tracing/.libs/trace_html.o src/tracing/.libs/trace_textual.o src/tracing/.libs/tracing.o  -lm 
dsymutil .libs/xdebug.so || :
creating xdebug.la
(cd .libs && rm -f xdebug.la && ln -s ../xdebug.la xdebug.la)
/bin/sh /Users/frankpulidoalvarez/Downloads/xdebug-3.3.2/xdebug-3.3.2/libtool --tag=CC --mode=install cp ./xdebug.la /Users/frankpulidoalvarez/Downloads/xdebug-3.3.2/xdebug-3.3.2/modules
cp ./.libs/xdebug.so /Users/frankpulidoalvarez/Downloads/xdebug-3.3.2/xdebug-3.3.2/modules/xdebug.so
cp ./.libs/xdebug.lai /Users/frankpulidoalvarez/Downloads/xdebug-3.3.2/xdebug-3.3.2/modules/xdebug.la
----------------------------------------------------------------------
Libraries have been installed in:
   /Users/frankpulidoalvarez/Downloads/xdebug-3.3.2/xdebug-3.3.2/modules

If you ever happen to want to link against installed libraries
in a given directory, LIBDIR, you must either use libtool, and
specify the full pathname of the library, or use the `-LLIBDIR'
flag during linking and do at least one of the following:
   - add LIBDIR to the `DYLD_LIBRARY_PATH' environment variable
     during execution

See any operating system documentation about shared libraries for
more information, such as the ld(1) and ld.so(8) manual pages.
----------------------------------------------------------------------

Build complete.
Don't forget to run 'make test'.

frankpulidoalvarez@Franks-iMac xdebug-3.3.2 % mkdir -p /Applications/XAMPP/xamppfiles/lib/php/extensions/no-debug-non-zts-2023    
  [Restored 2 Sep 2024 at 07:59:35]
Last login: Mon Sep  2 07:59:29 on console
/Users/frankpulidoalvarez/.zsh_sessions/B59CE2D0-FD5A-463D-B0D7-4CDDC01B2520.session:2: command not found: Saving
frankpulidoalvarez@Franks-iMac xdebug-3.3.2 % mkdir -p /Applications/XAMPP/xamppfiles/lib/php/extensions/no-debug-non-zts-20230831
mkdir: /Applications/XAMPP/xamppfiles/lib/php/extensions/no-debug-non-zts-20230831: Permission denied
frankpulidoalvarez@Franks-iMac xdebug-3.3.2 % sudo mkdir -p /Applications/XAMPP/xamppfiles/lib/php/extensions/no-debug-non-zts-20230831
Password:
frankpulidoalvarez@Franks-iMac xdebug-3.3.2 % cp modules/xdebug.so /Applications/XAMPP/xamppfiles/lib/php/extensions/no-debug-non-zts-20230831/
cp: /Applications/XAMPP/xamppfiles/lib/php/extensions/no-debug-non-zts-20230831/xdebug.so: Permission denied
frankpulidoalvarez@Franks-iMac xdebug-3.3.2 % sudo cp modules/xdebug.so /Applications/XAMPP/xamppfiles/lib/php/extensions/no-debug-non-zts-20230831/
frankpulidoalvarez@Franks-iMac xdebug-3.3.2 % sudo cp modules/xdebug.so/Applications/XAMPP/xamppfiles/lib/php/extensions/no-debug-non-zts-20230831/
Password:
usage: cp [-R [-H | -L | -P]] [-fi | -n] [-aclpsvXx] source_file target_file
       cp [-R [-H | -L | -P]] [-fi | -n] [-aclpsvXx] source_file ... target_directory
frankpulidoalvarez@Franks-iMac xdebug-3.3.2 % php -v
PHP 8.3.11 (cli) (built: Aug 30 2024 16:34:18) (NTS)
Copyright (c) The PHP Group
Zend Engine v4.3.11, Copyright (c) Zend Technologies
    with Xdebug v3.3.2, Copyright (c) 2002-2024, by Derick Rethans
    with Zend OPcache v8.3.11, Copyright (c), by Zend Technologies
frankpulidoalvarez@Franks-iMac xdebug-3.3.2 % 
  [Restored 4 Sep 2024 at 19:17:38]
Last login: Wed Sep  4 19:17:29 on console
frankpulidoalvarez@Franks-iMac xdebug-3.3.2 % 
  [Restored 5 Sep 2024 at 08:04:11]
Last login: Thu Sep  5 08:04:06 on console
/Users/frankpulidoalvarez/.zsh_sessions/B59CE2D0-FD5A-463D-B0D7-4CDDC01B2520.session:2: command not found: Saving
frankpulidoalvarez@Franks-iMac xdebug-3.3.2 % ;2D
